[    0.000000] Linux version 6.8.0-87-generic (buildd@lcy02-amd64-060) (x86_64-linux-gnu-gcc-12 (Ubuntu 12.3.0-1ubuntu1~22.04.2) 12.3.0, GNU ld (GNU Binutils for Ubuntu) 2.38) #88~22.04.1-Ubuntu SMP PREEMPT_DYNAMIC Tue Oct 14 14:03:14 UTC 2 (Ubuntu 6.8.0-87.88~22.04.1-generic 6.8.12)
[    0.000000] Command line: BOOT_IMAGE=/boot/vmlinuz-6.8.0-87-generic root=UUID=9f0f20e5-9095-429f-bdc1-459098314d4a ro quiet splash vt.handoff=7
[    0.000000] KERNEL supported cpus:
[    0.000000]   Intel GenuineIntel
[    0.000000]   AMD AuthenticAMD
[    0.000000]   Hygon HygonGenuine
[    0.000000]   Centaur CentaurHauls
[    0.000000]   zhaoxin   Shanghai  
[    0.000000] x86/split lock detection: #AC: crashing the kernel on kernel split_locks and warning on user-space split_locks
[    0.000000] BIOS-provided physical RAM map:
[    0.000000] BIOS-e820: [mem 0x0000000000000000-0x000000000009efff] usable
[    0.000000] BIOS-e820: [mem 0x000000000009f000-0x00000000000fffff] reserved
[    0.000000] BIOS-e820: [mem 0x0000000000100000-0x0000000030118fff] usable
[    0.000000] BIOS-e820: [mem 0x0000000030119000-0x0000000031218fff] reserved
[    0.000000] BIOS-e820: [mem 0x0000000031219000-0x000000003122dfff] usable
[    0.000000] BIOS-e820: [mem 0x000000003122e000-0x000000003122efff] reserved
[    0.000000] BIOS-e820: [mem 0x000000003122f000-0x0000000039e2efff] usable
[    0.000000] BIOS-e820: [mem 0x0000000039e2f000-0x000000003d72efff] reserved
[    0.000000] BIOS-e820: [mem 0x000000003d72f000-0x0000000044b2efff] ACPI NVS
[    0.000000] BIOS-e820: [mem 0x0000000044b2f000-0x0000000044bfefff] ACPI data
[    0.000000] BIOS-e820: [mem 0x0000000044bff000-0x0000000044bfffff] usable
[    0.000000] BIOS-e820: [mem 0x0000000044c00000-0x0000000048ffffff] reserved
[    0.000000] BIOS-e820: [mem 0x0000000049200000-0x000000004f7fffff] reserved
[    0.000000] BIOS-e820: [mem 0x00000000fe010000-0x00000000fe010fff] reserved
[    0.000000] BIOS-e820: [mem 0x00000000fed20000-0x00000000fed7ffff] reserved
[    0.000000] BIOS-e820: [mem 0x00000000ff600000-0x00000000ffffffff] reserved
[    0.000000] BIOS-e820: [mem 0x0000000100000000-0x00000004b07fffff] usable
[    0.000000] NX (Execute Disable) protection: active
[    0.000000] APIC: Static calls initialized
[    0.000000] efi: EFI v2.7 by INSYDE Corp.
[    0.000000] efi: ACPI=0x44bfe000 ACPI 2.0=0x44bfe014 TPMFinalLog=0x44ac4000 SMBIOS=0x3bc08000 SMBIOS 3.0=0x3bc06000 MEMATTR=0x35db8018 ESRT=0x35e5c298 MOKvar=0x3bb9d000 RNG=0x44b6f018 TPMEventLog=0x44b61018 
[    0.000000] random: crng init done
[    0.000000] efi: Not removing mem56: MMIO range=[0x3122e000-0x3122efff] (4KB) from e820 map
[    0.000000] efi: Not removing mem81: MMIO range=[0xfe010000-0xfe010fff] (4KB) from e820 map
[    0.000000] efi: Remove mem83: MMIO range=[0xff600000-0xffffffff] (10MB) from e820 map
[    0.000000] e820: remove [mem 0xff600000-0xffffffff] reserved
[    0.000000] secureboot: Secure boot enabled
[    0.000000] Kernel is locked down from EFI Secure Boot mode; see man kernel_lockdown.7
[    0.000000] SMBIOS 3.3.0 present.
[    0.000000] DMI: FUJITSU CLIENT COMPUTING LIMITED FMVU93F3BZ/FJNB2E0, BIOS Version 1.61 06/30/2023
[    0.000000] tsc: Detected 2800.000 MHz processor
[    0.000000] tsc: Detected 2803.200 MHz TSC
[    0.000009] e820: update [mem 0x00000000-0x00000fff] usable ==> reserved
[    0.000012] e820: remove [mem 0x000a0000-0x000fffff] usable
[    0.000020] last_pfn = 0x4b0800 max_arch_pfn = 0x400000000
[    0.000025] MTRR map: 5 entries (3 fixed + 2 variable; max 23), built from 10 variable MTRRs
[    0.000028] x86/PAT: Configuration [0-7]: WB  WC  UC- UC  WB  WP  UC- WT  
[    0.000657] last_pfn = 0x44c00 max_arch_pfn = 0x400000000
[    0.012309] esrt: Reserving ESRT space from 0x0000000035e5c298 to 0x0000000035e5c398.
[    0.012316] e820: update [mem 0x35e5c000-0x35e5cfff] usable ==> reserved
[    0.012337] Using GB pages for direct mapping
[    0.012624] secureboot: Secure boot enabled
[    0.012625] RAMDISK: [mem 0x2915b000-0x2dd05fff]
[    0.012631] ACPI: Early table checksum verification disabled
[    0.012635] ACPI: RSDP 0x0000000044BFE014 000024 (v02 FUJ   )
[    0.012640] ACPI: XSDT 0x0000000044BD4188 000114 (v01 FUJ    PC       013D0000 FUJ  00000001)
[    0.012646] ACPI: FACP 0x0000000044BD7000 00010C (v06 FUJ    PC       013D0000 FUJ  00000001)
[    0.012652] ACPI: DSDT 0x0000000044B7A000 0590B1 (v02 FUJ    FJNB2E0  013D0000 FUJ  00000001)
[    0.012656] ACPI: FACS 0x000000004049E000 000040
[    0.012659] ACPI: UEFI 0x0000000044B2E000 000236 (v01 FUJ    PC       013D0000 FUJ  00000001)
[    0.012663] ACPI: SSDT 0x0000000044BFA000 0024F3 (v02 CpuRef CpuSsdt  00003000 INTL 20160422)
[    0.012667] ACPI: SSDT 0x0000000044BF6000 0033AC (v02 DptfTb DptfTabl 00001000 INTL 20160422)
[    0.012671] ACPI: SSDT 0x0000000044BF3000 002FD0 (v02 SaSsdt SaSsdt   00003000 INTL 20160422)
[    0.012674] ACPI: SSDT 0x0000000044BEF000 003331 (v02 INTEL  IgfxSsdt 00003000 INTL 20160422)
[    0.012678] ACPI: SSDT 0x0000000044BE3000 00B5AF (v02 INTEL  TcssSsdt 00001000 INTL 20160422)
[    0.012681] ACPI: SSDT 0x0000000044BE2000 00077B (v02 INSYDE Tpm2Tabl 00001000 INTL 20160422)
[    0.012685] ACPI: TPM2 0x0000000044BE1000 00004C (v04 FUJ    PC       013D0000 FUJ  00000001)
[    0.012688] ACPI: SSDT 0x0000000044BE0000 000E9B (v02 INSYDE UsbCTabl 00001000 INTL 20160422)
[    0.012692] ACPI: LPIT 0x0000000044BDF000 0000CC (v01 FUJ    PC       013D0000 FUJ  00000001)
[    0.012695] ACPI: WSMT 0x0000000044BDE000 000028 (v01 FUJ    PC       013D0000 FUJ  00000001)
[    0.012699] ACPI: SSDT 0x0000000044BDD000 000B70 (v02 INSYDE PtidDevc 00001000 INTL 20160422)
[    0.012702] ACPI: SSDT 0x0000000044BDC000 00012A (v02 INSYDE TbtTypeC 00000000 INTL 20160422)
[    0.012706] ACPI: DBGP 0x0000000044BDB000 000034 (v01 FUJ    PC       013D0000 FUJ  00000001)
[    0.012710] ACPI: DBG2 0x0000000044BDA000 000054 (v00 FUJ    PC       013D0000 FUJ  00000001)
[    0.012713] ACPI: MSDM 0x000000003D615000 000055 (v03 FUJ    PC       013D0000 FUJ  00000001)
[    0.012717] ACPI: NHLT 0x0000000044BD8000 00189E (v00 FUJ    PC       013D0000 FUJ  00000001)
[    0.012720] ACPI: HPET 0x0000000044BD6000 000038 (v01 FUJ    PC       013D0000 FUJ  00000001)
[    0.012724] ACPI: APIC 0x0000000044BD5000 00012C (v03 FUJ    PC       013D0000 FUJ  00000001)
[    0.012727] ACPI: MCFG 0x0000000044BFD000 00003C (v01 FUJ    PC       013D0000 FUJ  00000001)
[    0.012731] ACPI: SSDT 0x0000000044B78000 0013B2 (v02 FUJ    Rtd3Ssdt 00000001 INTL 20160422)
[    0.012734] ACPI: SSDT 0x0000000044B77000 000713 (v02 FUJ    Win8Ssdt 00000001 INTL 20160422)
[    0.012738] ACPI: DMAR 0x0000000044B76000 0000B8 (v02 FUJ    PC       013D0000 FUJ  00000001)
[    0.012741] ACPI: SSDT 0x0000000044B75000 0000F8 (v01 INSYDE PcdTabl  00001000 INTL 20160422)
[    0.012745] ACPI: FPDT 0x0000000044B73000 000044 (v01 FUJ    PC       013D0000 FUJ  00000001)
[    0.012748] ACPI: PTDT 0x0000000044B72000 000D44 (v00 FUJ    PC       013D0000 FUJ  00000001)
[    0.012752] ACPI: SSDT 0x0000000044B71000 0001A4 (v02 FUJ    Gabi0002 00000002 INTL 20160422)
[    0.012755] ACPI: SSDT 0x0000000044B70000 000046 (v02 FUJ    Gabi0001 00000002 INTL 20160422)
[    0.012759] ACPI: BGRT 0x0000000044B74000 000038 (v01 FUJ    PC       013D0000 FUJ  00000001)
[    0.012762] ACPI: Reserving FACP table memory at [mem 0x44bd7000-0x44bd710b]
[    0.012763] ACPI: Reserving DSDT table memory at [mem 0x44b7a000-0x44bd30b0]
[    0.012764] ACPI: Reserving FACS table memory at [mem 0x4049e000-0x4049e03f]
[    0.012765] ACPI: Reserving UEFI table memory at [mem 0x44b2e000-0x44b2e235]
[    0.012766] ACPI: Reserving SSDT table memory at [mem 0x44bfa000-0x44bfc4f2]
[    0.012767] ACPI: Reserving SSDT table memory at [mem 0x44bf6000-0x44bf93ab]
[    0.012768] ACPI: Reserving SSDT table memory at [mem 0x44bf3000-0x44bf5fcf]
[    0.012769] ACPI: Reserving SSDT table memory at [mem 0x44bef000-0x44bf2330]
[    0.012769] ACPI: Reserving SSDT table memory at [mem 0x44be3000-0x44bee5ae]
[    0.012770] ACPI: Reserving SSDT table memory at [mem 0x44be2000-0x44be277a]
[    0.012771] ACPI: Reserving TPM2 table memory at [mem 0x44be1000-0x44be104b]
[    0.012772] ACPI: Reserving SSDT table memory at [mem 0x44be0000-0x44be0e9a]
[    0.012773] ACPI: Reserving LPIT table memory at [mem 0x44bdf000-0x44bdf0cb]
[    0.012774] ACPI: Reserving WSMT table memory at [mem 0x44bde000-0x44bde027]
[    0.012775] ACPI: Reserving SSDT table memory at [mem 0x44bdd000-0x44bddb6f]
[    0.012775] ACPI: Reserving SSDT table memory at [mem 0x44bdc000-0x44bdc129]
[    0.012776] ACPI: Reserving DBGP table memory at [mem 0x44bdb000-0x44bdb033]
[    0.012777] ACPI: Reserving DBG2 table memory at [mem 0x44bda000-0x44bda053]
[    0.012778] ACPI: Reserving MSDM table memory at [mem 0x3d615000-0x3d615054]
[    0.012779] ACPI: Reserving NHLT table memory at [mem 0x44bd8000-0x44bd989d]
[    0.012780] ACPI: Reserving HPET table memory at [mem 0x44bd6000-0x44bd6037]
[    0.012781] ACPI: Reserving APIC table memory at [mem 0x44bd5000-0x44bd512b]
[    0.012782] ACPI: Reserving MCFG table memory at [mem 0x44bfd000-0x44bfd03b]
[    0.012782] ACPI: Reserving SSDT table memory at [mem 0x44b78000-0x44b793b1]
[    0.012783] ACPI: Reserving SSDT table memory at [mem 0x44b77000-0x44b77712]
[    0.012784] ACPI: Reserving DMAR table memory at [mem 0x44b76000-0x44b760b7]
[    0.012785] ACPI: Reserving SSDT table memory at [mem 0x44b75000-0x44b750f7]
[    0.012786] ACPI: Reserving FPDT table memory at [mem 0x44b73000-0x44b73043]
[    0.012787] ACPI: Reserving PTDT table memory at [mem 0x44b72000-0x44b72d43]
[    0.012788] ACPI: Reserving SSDT table memory at [mem 0x44b71000-0x44b711a3]
[    0.012789] ACPI: Reserving SSDT table memory at [mem 0x44b70000-0x44b70045]
[    0.012790] ACPI: Reserving BGRT table memory at [mem 0x44b74000-0x44b74037]
[    0.013304] No NUMA configuration found
[    0.013305] Faking a node at [mem 0x0000000000000000-0x00000004b07fffff]
[    0.013313] NODE_DATA(0) allocated [mem 0x4b07d5000-0x4b07fffff]
[    0.013483] Zone ranges:
[    0.013484]   DMA      [mem 0x0000000000001000-0x0000000000ffffff]
[    0.013486]   DMA32    [mem 0x0000000001000000-0x00000000ffffffff]
[    0.013488]   Normal   [mem 0x0000000100000000-0x00000004b07fffff]
[    0.013489]   Device   empty
[    0.013490] Movable zone start for each node
[    0.013492] Early memory node ranges
[    0.013493]   node   0: [mem 0x0000000000001000-0x000000000009efff]
[    0.013497]   node   0: [mem 0x0000000000100000-0x0000000030118fff]
[    0.013499]   node   0: [mem 0x0000000031219000-0x000000003122dfff]
[    0.013500]   node   0: [mem 0x000000003122f000-0x0000000039e2efff]
[    0.013500]   node   0: [mem 0x0000000044bff000-0x0000000044bfffff]
[    0.013501]   node   0: [mem 0x0000000100000000-0x00000004b07fffff]
[    0.013504] Initmem setup node 0 [mem 0x0000000000001000-0x00000004b07fffff]
[    0.013509] On node 0, zone DMA: 1 pages in unavailable ranges
[    0.013531] On node 0, zone DMA: 97 pages in unavailable ranges
[    0.014626] On node 0, zone DMA32: 4352 pages in unavailable ranges
[    0.014816] On node 0, zone DMA32: 1 pages in unavailable ranges
[    0.015158] On node 0, zone DMA32: 44496 pages in unavailable ranges
[    0.036209] On node 0, zone Normal: 13312 pages in unavailable ranges
[    0.036440] On node 0, zone Normal: 30720 pages in unavailable ranges
[    0.036501] Reserving Intel graphics memory at [mem 0x4b800000-0x4f7fffff]
[    0.037446] ACPI: PM-Timer IO Port: 0x1808
[    0.037457] ACPI: LAPIC_NMI (acpi_id[0x01] high edge lint[0x1])
[    0.037459] ACPI: LAPIC_NMI (acpi_id[0x02] high edge lint[0x1])
[    0.037460] ACPI: LAPIC_NMI (acpi_id[0x03] high edge lint[0x1])
[    0.037460] ACPI: LAPIC_NMI (acpi_id[0x04] high edge lint[0x1])
[    0.037461] ACPI: LAPIC_NMI (acpi_id[0x05] high edge lint[0x1])
[    0.037462] ACPI: LAPIC_NMI (acpi_id[0x06] high edge lint[0x1])
[    0.037463] ACPI: LAPIC_NMI (acpi_id[0x07] high edge lint[0x1])
[    0.037464] ACPI: LAPIC_NMI (acpi_id[0x08] high edge lint[0x1])
[    0.037464] ACPI: LAPIC_NMI (acpi_id[0x09] high edge lint[0x1])
[    0.037465] ACPI: LAPIC_NMI (acpi_id[0x0a] high edge lint[0x1])
[    0.037466] ACPI: LAPIC_NMI (acpi_id[0x0b] high edge lint[0x1])
[    0.037467] ACPI: LAPIC_NMI (acpi_id[0x0c] high edge lint[0x1])
[    0.037468] ACPI: LAPIC_NMI (acpi_id[0x0d] high edge lint[0x1])
[    0.037468] ACPI: LAPIC_NMI (acpi_id[0x0e] high edge lint[0x1])
[    0.037469] ACPI: LAPIC_NMI (acpi_id[0x0f] high edge lint[0x1])
[    0.037470] ACPI: LAPIC_NMI (acpi_id[0x10] high edge lint[0x1])
[    0.037509] IOAPIC[0]: apic_id 2, version 32, address 0xfec00000, GSI 0-119
[    0.037512] ACPI: INT_SRC_OVR (bus 0 bus_irq 0 global_irq 2 dfl dfl)
[    0.037515] ACPI: INT_SRC_OVR (bus 0 bus_irq 9 global_irq 9 high level)
[    0.037520] ACPI: Using ACPI (MADT) for SMP configuration information
[    0.037521] ACPI: HPET id: 0x8086a201 base: 0xfed00000
[    0.037530] e820: update [mem 0x3558b000-0x3567efff] usable ==> reserved
[    0.037541] TSC deadline timer available
[    0.037543] smpboot: Allowing 8 CPUs, 0 hotplug CPUs
[    0.037557] PM: hibernation: Registered nosave memory: [mem 0x00000000-0x00000fff]
[    0.037559] PM: hibernation: Registered nosave memory: [mem 0x0009f000-0x000fffff]
[    0.037561] PM: hibernation: Registered nosave memory: [mem 0x30119000-0x31218fff]
[    0.037562] PM: hibernation: Registered nosave memory: [mem 0x3122e000-0x3122efff]
[    0.037564] PM: hibernation: Registered nosave memory: [mem 0x3558b000-0x3567efff]
[    0.037565] PM: hibernation: Registered nosave memory: [mem 0x35e5c000-0x35e5cfff]
[    0.037567] PM: hibernation: Registered nosave memory: [mem 0x39e2f000-0x3d72efff]
[    0.037568] PM: hibernation: Registered nosave memory: [mem 0x3d72f000-0x44b2efff]
[    0.037569] PM: hibernation: Registered nosave memory: [mem 0x44b2f000-0x44bfefff]
[    0.037570] PM: hibernation: Registered nosave memory: [mem 0x44c00000-0x48ffffff]
[    0.037571] PM: hibernation: Registered nosave memory: [mem 0x49000000-0x491fffff]
[    0.037572] PM: hibernation: Registered nosave memory: [mem 0x49200000-0x4f7fffff]
[    0.037573] PM: hibernation: Registered nosave memory: [mem 0x4f800000-0xfe00ffff]
[    0.037573] PM: hibernation: Registered nosave memory: [mem 0xfe010000-0xfe010fff]
[    0.037574] PM: hibernation: Registered nosave memory: [mem 0xfe011000-0xfed1ffff]
[    0.037575] PM: hibernation: Registered nosave memory: [mem 0xfed20000-0xfed7ffff]
[    0.037576] PM: hibernation: Registered nosave memory: [mem 0xfed80000-0xffffffff]
[    0.037578] [mem 0x4f800000-0xfe00ffff] available for PCI devices
[    0.037579] Booting paravirtualized kernel on bare hardware
[    0.037582] clocksource: refined-jiffies: mask: 0xffffffff max_cycles: 0xffffffff, max_idle_ns: 1910969940391419 ns
[    0.037589] setup_percpu: NR_CPUS:8192 nr_cpumask_bits:8 nr_cpu_ids:8 nr_node_ids:1
[    0.038103] percpu: Embedded 86 pages/cpu s229376 r8192 d114688 u524288
[    0.038109] pcpu-alloc: s229376 r8192 d114688 u524288 alloc=1*2097152
[    0.038112] pcpu-alloc: [0] 0 1 2 3 [0] 4 5 6 7 
[    0.038131] Kernel command line: BOOT_IMAGE=/boot/vmlinuz-6.8.0-87-generic root=UUID=9f0f20e5-9095-429f-bdc1-459098314d4a ro quiet splash vt.handoff=7
[    0.038217] Unknown kernel command line parameters "splash BOOT_IMAGE=/boot/vmlinuz-6.8.0-87-generic", will be passed to user space.
[    0.039572] Dentry cache hash table entries: 2097152 (order: 12, 16777216 bytes, linear)
[    0.040223] Inode-cache hash table entries: 1048576 (order: 11, 8388608 bytes, linear)
[    0.040352] Fallback order for Node 0: 0 
[    0.040355] Built 1 zonelists, mobility grouping on.  Total pages: 4037082
[    0.040356] Policy zone: Normal
[    0.040363] mem auto-init: stack:all(zero), heap alloc:on, heap free:off
[    0.040375] software IO TLB: area num 8.
[    0.081541] Memory: 15834616K/16405300K available (22528K kernel code, 4437K rwdata, 13964K rodata, 4908K init, 4804K bss, 570424K reserved, 0K cma-reserved)
[    0.082469] SLUB: HWalign=64, Order=0-3, MinObjects=0, CPUs=8, Nodes=1
[    0.082497] ftrace: allocating 58192 entries in 228 pages
[    0.093116] ftrace: allocated 228 pages with 4 groups
[    0.094108] Dynamic Preempt: voluntary
[    0.094182] rcu: Preemptible hierarchical RCU implementation.
[    0.094183] rcu: 	RCU restricting CPUs from NR_CPUS=8192 to nr_cpu_ids=8.
[    0.094185] 	Trampoline variant of Tasks RCU enabled.
[    0.094186] 	Rude variant of Tasks RCU enabled.
[    0.094186] 	Tracing variant of Tasks RCU enabled.
[    0.094187] rcu: RCU calculated value of scheduler-enlistment delay is 100 jiffies.
[    0.094188] rcu: Adjusting geometry for rcu_fanout_leaf=16, nr_cpu_ids=8
[    0.094203] RCU Tasks: Setting shift to 3 and lim to 1 rcu_task_cb_adjust=1 rcu_task_cpu_ids=8.
[    0.094205] RCU Tasks Rude: Setting shift to 3 and lim to 1 rcu_task_cb_adjust=1 rcu_task_cpu_ids=8.
[    0.094207] RCU Tasks Trace: Setting shift to 3 and lim to 1 rcu_task_cb_adjust=1 rcu_task_cpu_ids=8.
[    0.097762] NR_IRQS: 524544, nr_irqs: 2048, preallocated irqs: 16
[    0.098084] rcu: srcu_init: Setting srcu_struct sizes based on contention.
[    0.098336] Console: colour dummy device 80x25
[    0.098339] printk: legacy console [tty0] enabled
[    0.098386] ACPI: Core revision 20230628
[    0.098793] hpet: HPET dysfunctional in PC10. Force disabled.
[    0.098847] APIC: Switch to symmetric I/O mode setup
[    0.098849] DMAR: Host address width 39
[    0.098851] DMAR: DRHD base: 0x000000fed90000 flags: 0x0
[    0.098861] DMAR: dmar0: reg_base_addr fed90000 ver 4:0 cap 1c0000c40660462 ecap 69e2ff0505e
[    0.098863] DMAR: DRHD base: 0x000000fed84000 flags: 0x0
[    0.098868] DMAR: dmar1: reg_base_addr fed84000 ver 1:0 cap d2008c40660462 ecap f050da
[    0.098870] DMAR: DRHD base: 0x000000fed85000 flags: 0x0
[    0.098874] DMAR: dmar2: reg_base_addr fed85000 ver 1:0 cap d2008c40660462 ecap f050da
[    0.098876] DMAR: DRHD base: 0x000000fed91000 flags: 0x1
[    0.098882] DMAR: dmar3: reg_base_addr fed91000 ver 1:0 cap d2008c40660462 ecap f050da
[    0.098884] DMAR: RMRR base: 0x0000004b000000 end: 0x0000004f7fffff
[    0.098887] DMAR-IR: IOAPIC id 2 under DRHD base  0xfed91000 IOMMU 3
[    0.098889] DMAR-IR: HPET id 0 under DRHD base 0xfed91000
[    0.098890] DMAR-IR: Queued invalidation will be enabled to support x2apic and Intr-remapping.
[    0.101254] DMAR-IR: Enabled IRQ remapping in x2apic mode
[    0.101257] x2apic enabled
[    0.101351] APIC: Switched APIC routing to: cluster x2apic
[    0.106557] clocksource: tsc-early: mask: 0xffffffffffffffff max_cycles: 0x28680fa287f, max_idle_ns: 440795281151 ns
[    0.106565] Calibrating delay loop (skipped), value calculated using timer frequency.. 5606.40 BogoMIPS (lpj=2803200)
[    0.106598] CPU0: Thermal monitoring enabled (TM1)
[    0.106603] x86/cpu: User Mode Instruction Prevention (UMIP) activated
[    0.106755] process: using mwait in idle threads
[    0.106759] Last level iTLB entries: 4KB 0, 2MB 0, 4MB 0
[    0.106760] Last level dTLB entries: 4KB 0, 2MB 0, 4MB 0, 1GB 0
[    0.106764] Spectre V1 : Mitigation: usercopy/swapgs barriers and __user pointer sanitization
[    0.106767] Spectre V2 : Spectre BHI mitigation: SW BHB clearing on vm exit
[    0.106768] Spectre V2 : Spectre BHI mitigation: SW BHB clearing on syscall
[    0.106768] Spectre V2 : Mitigation: Enhanced / Automatic IBRS
[    0.106769] Spectre V2 : Spectre v2 / SpectreRSB mitigation: Filling RSB on context switch
[    0.106770] Spectre V2 : Spectre v2 / PBRSB-eIBRS: Retire a single CALL on VMEXIT
[    0.106772] Spectre V2 : mitigation: Enabling conditional Indirect Branch Prediction Barrier
[    0.106774] Speculative Store Bypass: Mitigation: Speculative Store Bypass disabled via prctl
[    0.106776] GDS: Mitigation: Microcode
[    0.106785] x86/fpu: Supporting XSAVE feature 0x001: 'x87 floating point registers'
[    0.106786] x86/fpu: Supporting XSAVE feature 0x002: 'SSE registers'
[    0.106787] x86/fpu: Supporting XSAVE feature 0x004: 'AVX registers'
[    0.106788] x86/fpu: Supporting XSAVE feature 0x020: 'AVX-512 opmask'
[    0.106789] x86/fpu: Supporting XSAVE feature 0x040: 'AVX-512 Hi256'
[    0.106790] x86/fpu: Supporting XSAVE feature 0x080: 'AVX-512 ZMM_Hi256'
[    0.106791] x86/fpu: Supporting XSAVE feature 0x200: 'Protection Keys User registers'
[    0.106792] x86/fpu: Supporting XSAVE feature 0x800: 'Control-flow User registers'
[    0.106793] x86/fpu: xstate_offset[2]:  576, xstate_sizes[2]:  256
[    0.106795] x86/fpu: xstate_offset[5]:  832, xstate_sizes[5]:   64
[    0.106796] x86/fpu: xstate_offset[6]:  896, xstate_sizes[6]:  512
[    0.106797] x86/fpu: xstate_offset[7]: 1408, xstate_sizes[7]: 1024
[    0.106798] x86/fpu: xstate_offset[9]: 2432, xstate_sizes[9]:    8
[    0.106800] x86/fpu: xstate_offset[11]: 2440, xstate_sizes[11]:   16
[    0.106801] x86/fpu: Enabled xstate features 0xae7, context size is 2456 bytes, using 'compacted' format.
[    0.107562] Freeing SMP alternatives memory: 48K
[    0.107562] pid_max: default: 32768 minimum: 301
[    0.107562] LSM: initializing lsm=lockdown,capability,landlock,yama,apparmor,integrity
[    0.107562] landlock: Up and running.
[    0.107562] Yama: becoming mindful.
[    0.107562] AppArmor: AppArmor initialized
[    0.107562] Mount-cache hash table entries: 32768 (order: 6, 262144 bytes, linear)
[    0.107562] Mountpoint-cache hash table entries: 32768 (order: 6, 262144 bytes, linear)
[    0.107562] smpboot: CPU0: 11th Gen Intel(R) Core(TM) i7-1165G7 @ 2.80GHz (family: 0x6, model: 0x8c, stepping: 0x1)
[    0.107562] Performance Events: PEBS fmt4+-baseline,  AnyThread deprecated, Icelake events, 32-deep LBR, full-width counters, Intel PMU driver.
[    0.107562] ... version:                5
[    0.107562] ... bit width:              48
[    0.107562] ... generic registers:      8
[    0.107562] ... value mask:             0000ffffffffffff
[    0.107562] ... max period:             00007fffffffffff
[    0.107562] ... fixed-purpose events:   4
[    0.107562] ... event mask:             0001000f000000ff
[    0.107562] signal: max sigframe size: 3632
[    0.107562] Estimated ratio of average max frequency by base frequency (times 1024): 1499
[    0.109208] rcu: Hierarchical SRCU implementation.
[    0.109209] rcu: 	Max phase no-delay instances is 400.
[    0.109858] NMI watchdog: Enabled. Permanently consumes one hw-PMU counter.
[    0.109938] smp: Bringing up secondary CPUs ...
[    0.110033] smpboot: x86: Booting SMP configuration:
[    0.110034] .... node  #0, CPUs:      #1 #2 #3 #4 #5 #6 #7
[    0.116598] smp: Brought up 1 node, 8 CPUs
[    0.116604] smpboot: Max logical packages: 1
[    0.116605] smpboot: Total of 8 processors activated (44851.20 BogoMIPS)
[    0.118096] devtmpfs: initialized
[    0.118096] x86/mm: Memory block size: 128MB
[    0.119625] ACPI: PM: Registering ACPI NVS region [mem 0x3d72f000-0x44b2efff] (121634816 bytes)
[    0.120715] clocksource: jiffies: mask: 0xffffffff max_cycles: 0xffffffff, max_idle_ns: 1911260446275000 ns
[    0.120728] futex hash table entries: 2048 (order: 5, 131072 bytes, linear)
[    0.120801] pinctrl core: initialized pinctrl subsystem
[    0.121056] PM: RTC time: 15:57:47, date: 2026-01-02
[    0.121525] NET: Registered PF_NETLINK/PF_ROUTE protocol family
[    0.121803] DMA: preallocated 2048 KiB GFP_KERNEL pool for atomic allocations
[    0.121949] DMA: preallocated 2048 KiB GFP_KERNEL|GFP_DMA pool for atomic allocations
[    0.122095] DMA: preallocated 2048 KiB GFP_KERNEL|GFP_DMA32 pool for atomic allocations
[    0.122104] audit: initializing netlink subsys (disabled)
[    0.122121] audit: type=2000 audit(1767369467.015:1): state=initialized audit_enabled=0 res=1
[    0.122121] thermal_sys: Registered thermal governor 'fair_share'
[    0.122121] thermal_sys: Registered thermal governor 'bang_bang'
[    0.122121] thermal_sys: Registered thermal governor 'step_wise'
[    0.122121] thermal_sys: Registered thermal governor 'user_space'
[    0.122121] thermal_sys: Registered thermal governor 'power_allocator'
[    0.122121] cpuidle: using governor ladder
[    0.122121] cpuidle: using governor menu
[    0.122121] acpiphp: ACPI Hot Plug PCI Controller Driver version: 0.5
[    0.122121] PCI: ECAM [mem 0xc0000000-0xcfffffff] (base 0xc0000000) for domain 0000 [bus 00-ff]
[    0.122121] PCI: Using configuration type 1 for base access
[    0.122611] kprobes: kprobe jump-optimization is enabled. All kprobes are optimized if possible.
[    0.122617] HugeTLB: registered 1.00 GiB page size, pre-allocated 0 pages
[    0.122617] HugeTLB: 16380 KiB vmemmap can be freed for a 1.00 GiB page
[    0.122617] HugeTLB: registered 2.00 MiB page size, pre-allocated 0 pages
[    0.122617] HugeTLB: 28 KiB vmemmap can be freed for a 2.00 MiB page
[    0.122694] ACPI: Added _OSI(Module Device)
[    0.122696] ACPI: Added _OSI(Processor Device)
[    0.122698] ACPI: Added _OSI(3.0 _SCP Extensions)
[    0.122700] ACPI: Added _OSI(Processor Aggregator Device)
[    0.216336] ACPI: 15 ACPI AML tables successfully acquired and loaded
[    0.217377] ACPI Error: AE_NOT_FOUND, While resolving a named reference package element - ^SPI1.SPFD.CVFD (20230628/dspkginit-438)
[    0.217384] ACPI Error: AE_NOT_FOUND, While resolving a named reference package element - ^SPI1.SPFD.CVFD (20230628/dspkginit-438)
[    0.217387] ACPI Error: AE_NOT_FOUND, While resolving a named reference package element - ^XHCI.RHUB.HS04.VI2C (20230628/dspkginit-438)
[    0.217401] ACPI Error: AE_NOT_FOUND, While resolving a named reference package element - ^XHCI.RHUB.HS04.VI2C (20230628/dspkginit-438)
[    0.231120] ACPI: Dynamic OEM Table Load:
[    0.231131] ACPI: SSDT 0xFFFF8AEBC1E6E000 0003D5 (v02 PmRef  Cpu0Cst  00003001 INTL 20160422)
[    0.232584] ACPI: Dynamic OEM Table Load:
[    0.232593] ACPI: SSDT 0xFFFF8AEBC1F33800 000647 (v02 PmRef  Cpu0Ist  00003000 INTL 20160422)
[    0.234005] ACPI: Dynamic OEM Table Load:
[    0.234011] ACPI: SSDT 0xFFFF8AEBC01EEC00 0001C6 (v02 PmRef  Cpu0Psd  00003000 INTL 20160422)
[    0.235250] ACPI: Dynamic OEM Table Load:
[    0.235256] ACPI: SSDT 0xFFFF8AEBC1E6E400 000266 (v02 PmRef  Cpu0Hwp  00003000 INTL 20160422)
[    0.236764] ACPI: Dynamic OEM Table Load:
[    0.236776] ACPI: SSDT 0xFFFF8AEBC2410000 0008E7 (v02 PmRef  ApIst    00003000 INTL 20160422)
[    0.238304] ACPI: Dynamic OEM Table Load:
[    0.238311] ACPI: SSDT 0xFFFF8AEBC1F33000 00048A (v02 PmRef  ApHwp    00003000 INTL 20160422)
[    0.239703] ACPI: Dynamic OEM Table Load:
[    0.239709] ACPI: SSDT 0xFFFF8AEBC1F37800 0004D4 (v02 PmRef  ApPsd    00003000 INTL 20160422)
[    0.241092] ACPI: Dynamic OEM Table Load:
[    0.241098] ACPI: SSDT 0xFFFF8AEBC1F36800 00048A (v02 PmRef  ApCst    00003000 INTL 20160422)
[    0.247229] ACPI: _OSC evaluated successfully for all CPUs
[    0.247293] ACPI: EC: EC started
[    0.247294] ACPI: EC: interrupt blocked
[    0.263262] ACPI: EC: EC_CMD/EC_SC=0x66, EC_DATA=0x62
[    0.263265] ACPI: \_SB_.PC00.LPCB.EC__: Boot DSDT EC used to handle transactions
[    0.263266] ACPI: Interpreter enabled
[    0.263335] ACPI: PM: (supports S0 S3 S4 S5)
[    0.263336] ACPI: Using IOAPIC for interrupt routing
[    0.265046] PCI: Using host bridge windows from ACPI; if necessary, use "pci=nocrs" and report a bug
[    0.265047] PCI: Ignoring E820 reservations for host bridge windows
[    0.267408] ACPI: Enabled 13 GPEs in block 00 to 7F
[    0.277975] ACPI: \_SB_.PC00.XHCI.RHUB.HS10.BTPR: New power resource
[    0.282632] ACPI: \_SB_.PC00.RP03.PXP_: New power resource
[    0.284068] ACPI: \_SB_.PC00.RP06.SDPR: New power resource
[    0.293905] ACPI: \_SB_.PC00.SAT0.VOL0.V0PR: New power resource
[    0.294054] ACPI: \_SB_.PC00.SAT0.VOL1.V1PR: New power resource
[    0.294199] ACPI: \_SB_.PC00.SAT0.VOL2.V2PR: New power resource
[    0.303572] ACPI: \_SB_.PC00.CNVW.WRST: New power resource
[    0.312843] ACPI: \_SB_.PC00.TBT0: New power resource
[    0.312911] ACPI: \_SB_.PC00.TBT1: New power resource
[    0.312970] ACPI: \_SB_.PC00.D3C_: New power resource
[    0.538880] ACPI: \PIN_: New power resource
[    0.540045] ACPI: PCI Root Bridge [PC00] (domain 0000 [bus 00-fe])
[    0.540052] acpi PNP0A08:00: _OSC: OS supports [ExtendedConfig ASPM ClockPM Segments MSI EDR HPX-Type3]
[    0.541733] acpi PNP0A08:00: _OSC: platform does not support [AER]
[    0.545036] acpi PNP0A08:00: _OSC: OS now controls [PCIeHotplug SHPCHotplug PME PCIeCapability LTR DPC]
[    0.549183] PCI host bridge to bus 0000:00
[    0.549185] pci_bus 0000:00: root bus resource [io  0x0000-0x0cf7 window]
[    0.549187] pci_bus 0000:00: root bus resource [io  0x0d00-0xffff window]
[    0.549189] pci_bus 0000:00: root bus resource [mem 0x000a0000-0x000bffff window]
[    0.549190] pci_bus 0000:00: root bus resource [mem 0x4f800000-0xbfffffff window]
[    0.549192] pci_bus 0000:00: root bus resource [mem 0x4000000000-0x7fffffffff window]
[    0.549193] pci_bus 0000:00: root bus resource [bus 00-fe]
[    0.549329] pci 0000:00:00.0: [8086:9a14] type 00 class 0x060000 conventional PCI endpoint
[    0.549469] pci 0000:00:02.0: [8086:9a49] type 00 class 0x030000 PCIe Root Complex Integrated Endpoint
[    0.549489] pci 0000:00:02.0: BAR 0 [mem 0x601d000000-0x601dffffff 64bit]
[    0.549492] pci 0000:00:02.0: BAR 2 [mem 0x4000000000-0x400fffffff 64bit pref]
[    0.549494] pci 0000:00:02.0: BAR 4 [io  0x4000-0x403f]
[    0.549508] pci 0000:00:02.0: DMAR: Skip IOMMU disabling for graphics
[    0.549511] pci 0000:00:02.0: Video device with shadowed ROM at [mem 0x000c0000-0x000dffff]
[    0.549551] pci 0000:00:02.0: VF BAR 0 [mem 0x00000000-0x00ffffff 64bit]
[    0.549552] pci 0000:00:02.0: VF BAR 0 [mem 0x00000000-0x06ffffff 64bit]: contains BAR 0 for 7 VFs
[    0.549555] pci 0000:00:02.0: VF BAR 2 [mem 0x00000000-0x1fffffff 64bit pref]
[    0.549556] pci 0000:00:02.0: VF BAR 2 [mem 0x00000000-0xdfffffff 64bit pref]: contains BAR 2 for 7 VFs
[    0.549748] pci 0000:00:04.0: [8086:9a03] type 00 class 0x118000 conventional PCI endpoint
[    0.549790] pci 0000:00:04.0: BAR 0 [mem 0x601e140000-0x601e15ffff 64bit]
[    0.550116] pci 0000:00:07.0: [8086:9a23] type 01 class 0x060400 PCIe Root Port
[    0.550139] pci 0000:00:07.0: PCI bridge to [bus 01-2a]
[    0.550145] pci 0000:00:07.0:   bridge window [mem 0x5e000000-0x6a1fffff]
[    0.550154] pci 0000:00:07.0:   bridge window [mem 0x6000000000-0x601bffffff 64bit pref]
[    0.550180] pci 0000:00:07.0: Overriding RP PIO Log Size to 4
[    0.550255] pci 0000:00:07.0: PME# supported from D0 D3hot D3cold
[    0.551223] pci 0000:00:07.1: [8086:9a25] type 01 class 0x060400 PCIe Root Port
[    0.551246] pci 0000:00:07.1: PCI bridge to [bus 2b-54]
[    0.551251] pci 0000:00:07.1:   bridge window [mem 0x50000000-0x5c1fffff]
[    0.551260] pci 0000:00:07.1:   bridge window [mem 0x6020000000-0x603bffffff 64bit pref]
[    0.551286] pci 0000:00:07.1: Overriding RP PIO Log Size to 4
[    0.551358] pci 0000:00:07.1: PME# supported from D0 D3hot D3cold
[    0.552324] pci 0000:00:08.0: [8086:9a11] type 00 class 0x088000 conventional PCI endpoint
[    0.552353] pci 0000:00:08.0: BAR 0 [mem 0x601e183000-0x601e183fff 64bit]
[    0.552449] pci 0000:00:0a.0: [8086:9a0d] type 00 class 0x118000 PCIe Root Complex Integrated Endpoint
[    0.552470] pci 0000:00:0a.0: BAR 0 [mem 0x601e170000-0x601e177fff 64bit]
[    0.552478] pci 0000:00:0a.0: enabling Extended Tags
[    0.552585] pci 0000:00:0d.0: [8086:9a13] type 00 class 0x0c0330 conventional PCI endpoint
[    0.552619] pci 0000:00:0d.0: BAR 0 [mem 0x601e160000-0x601e16ffff 64bit]
[    0.552666] pci 0000:00:0d.0: PME# supported from D3hot D3cold
[    0.553129] pci 0000:00:0d.2: [8086:9a1b] type 00 class 0x0c0340 conventional PCI endpoint
[    0.553158] pci 0000:00:0d.2: BAR 0 [mem 0x601e100000-0x601e13ffff 64bit]
[    0.553161] pci 0000:00:0d.2: BAR 2 [mem 0x601e182000-0x601e182fff 64bit]
[    0.553192] pci 0000:00:0d.2: supports D1 D2
[    0.553193] pci 0000:00:0d.2: PME# supported from D0 D1 D2 D3hot D3cold
[    0.553399] pci 0000:00:14.0: [8086:a0ed] type 00 class 0x0c0330 conventional PCI endpoint
[    0.553451] pci 0000:00:14.0: BAR 0 [mem 0x5c420000-0x5c42ffff 64bit]
[    0.553509] pci 0000:00:14.0: PME# supported from D3hot D3cold
[    0.553998] pci 0000:00:14.2: [8086:a0ef] type 00 class 0x050000 conventional PCI endpoint
[    0.554056] pci 0000:00:14.2: BAR 0 [mem 0x601e17c000-0x601e17ffff 64bit]
[    0.554060] pci 0000:00:14.2: BAR 2 [mem 0x601e181000-0x601e181fff 64bit]
[    0.554203] pci 0000:00:14.3: [8086:a0f0] type 00 class 0x028000 PCIe Root Complex Integrated Endpoint
[    0.554301] pci 0000:00:14.3: BAR 0 [mem 0x601e178000-0x601e17bfff 64bit]
[    0.554518] pci 0000:00:14.3: PME# supported from D0 D3hot D3cold
[    0.554865] pci 0000:00:15.0: [8086:a0e8] type 00 class 0x0c8000 conventional PCI endpoint
[    0.555012] pci 0000:00:15.0: BAR 0 [mem 0x00000000-0x00000fff 64bit]
[    0.564853] pci 0000:00:15.2: [8086:a0ea] type 00 class 0x0c8000 conventional PCI endpoint
[    0.564947] pci 0000:00:15.2: BAR 0 [mem 0x00000000-0x00000fff 64bit]
[    0.574840] pci 0000:00:15.3: [8086:a0eb] type 00 class 0x0c8000 conventional PCI endpoint
[    0.574934] pci 0000:00:15.3: BAR 0 [mem 0x00000000-0x00000fff 64bit]
[    0.584858] pci 0000:00:16.0: [8086:a0e0] type 00 class 0x078000 conventional PCI endpoint
[    0.584919] pci 0000:00:16.0: BAR 0 [mem 0x601e180000-0x601e180fff 64bit]
[    0.584983] pci 0000:00:16.0: PME# supported from D3hot
[    0.585622] pci 0000:00:1c.0: [8086:a0b8] type 01 class 0x060400 PCIe Root Port
[    0.585652] pci 0000:00:1c.0: PCI bridge to [bus 55-59]
[    0.585657] pci 0000:00:1c.0:   bridge window [io  0x3000-0x3fff]
[    0.585661] pci 0000:00:1c.0:   bridge window [mem 0x5d000000-0x5dffffff]
[    0.585672] pci 0000:00:1c.0:   bridge window [mem 0x601c000000-0x601cffffff 64bit pref]
[    0.585744] pci 0000:00:1c.0: PME# supported from D0 D3hot D3cold
[    0.586487] pci 0000:00:1c.5: [8086:a0bd] type 01 class 0x060400 PCIe Root Port
[    0.586518] pci 0000:00:1c.5: PCI bridge to [bus 5a]
[    0.586525] pci 0000:00:1c.5:   bridge window [mem 0x5c300000-0x5c3fffff]
[    0.586627] pci 0000:00:1c.5: PME# supported from D0 D3hot D3cold
[    0.586676] pci 0000:00:1c.5: PTM enabled (root), 4ns granularity
[    0.587423] pci 0000:00:1d.0: [8086:a0b0] type 01 class 0x060400 PCIe Root Port
[    0.587451] pci 0000:00:1d.0: PCI bridge to [bus 5b]
[    0.587458] pci 0000:00:1d.0:   bridge window [mem 0x5c200000-0x5c2fffff]
[    0.587552] pci 0000:00:1d.0: PME# supported from D0 D3hot D3cold
[    0.587595] pci 0000:00:1d.0: PTM enabled (root), 4ns granularity
[    0.588335] pci 0000:00:1f.0: [8086:a082] type 00 class 0x060100 conventional PCI endpoint
[    0.588709] pci 0000:00:1f.3: [8086:a0c8] type 00 class 0x040100 conventional PCI endpoint
[    0.588814] pci 0000:00:1f.3: BAR 0 [mem 0x5c430000-0x5c433fff 64bit]
[    0.588826] pci 0000:00:1f.3: BAR 4 [mem 0x601e000000-0x601e0fffff 64bit]
[    0.588923] pci 0000:00:1f.3: PME# supported from D3hot D3cold
[    0.589563] pci 0000:00:1f.4: [8086:a0a3] type 00 class 0x0c0500 conventional PCI endpoint
[    0.589621] pci 0000:00:1f.4: BAR 0 [mem 0x5c435000-0x5c4350ff 64bit]
[    0.589629] pci 0000:00:1f.4: BAR 4 [io  0xefa0-0xefbf]
[    0.589892] pci 0000:00:1f.5: [8086:a0a4] type 00 class 0x0c8000 conventional PCI endpoint
[    0.589953] pci 0000:00:1f.5: BAR 0 [mem 0xfe010000-0xfe010fff]
[    0.590052] pci 0000:00:1f.6: [8086:15fc] type 00 class 0x020000 conventional PCI endpoint
[    0.590204] pci 0000:00:1f.6: BAR 0 [mem 0x5c400000-0x5c41ffff]
[    0.590340] pci 0000:00:1f.6: PME# supported from D0 D3hot D3cold
[    0.590662] pci 0000:00:07.0: PCI bridge to [bus 01-2a]
[    0.590708] pci 0000:00:07.1: PCI bridge to [bus 2b-54]
[    0.590774] pci 0000:00:1c.0: PCI bridge to [bus 55-59]
[    0.591594] pci 0000:5a:00.0: [1217:8520] type 00 class 0x080501 PCIe Endpoint
[    0.591664] pci 0000:5a:00.0: BAR 0 [mem 0x5c301000-0x5c301fff]
[    0.591669] pci 0000:5a:00.0: BAR 1 [mem 0x5c300000-0x5c3007ff]
[    0.591782] pci 0000:5a:00.0: PME# supported from D3hot D3cold
[    0.595603] pci 0000:00:1c.5: PCI bridge to [bus 5a]
[    0.595681] pci 0000:5b:00.0: [15b7:5009] type 00 class 0x010802 PCIe Endpoint
[    0.595739] pci 0000:5b:00.0: BAR 0 [mem 0x5c200000-0x5c203fff 64bit]
[    0.595746] pci 0000:5b:00.0: BAR 4 [mem 0x5c204000-0x5c2040ff 64bit]
[    0.596055] pci 0000:00:1d.0: PCI bridge to [bus 5b]
[    0.615095] Low-power S0 idle used by default for system suspend
[    0.624452] ACPI: EC: interrupt unblocked
[    0.624454] ACPI: EC: event unblocked
[    0.624476] ACPI: EC: EC_CMD/EC_SC=0x66, EC_DATA=0x62
[    0.624477] ACPI: EC: GPE=0x3
[    0.624479] ACPI: \_SB_.PC00.LPCB.EC__: Boot DSDT EC initialization complete
[    0.624481] ACPI: \_SB_.PC00.LPCB.EC__: EC: Used to handle transactions and events
[    0.624596] iommu: Default domain type: Translated
[    0.624596] iommu: DMA domain TLB invalidation policy: lazy mode
[    0.624714] SCSI subsystem initialized
[    0.624719] libata version 3.00 loaded.
[    0.624719] ACPI: bus type USB registered
[    0.624719] usbcore: registered new interface driver usbfs
[    0.624719] usbcore: registered new interface driver hub
[    0.624719] usbcore: registered new device driver usb
[    0.624719] pps_core: LinuxPPS API ver. 1 registered
[    0.624719] pps_core: Software ver. 5.3.6 - Copyright 2005-2007 Rodolfo Giometti <giometti@linux.it>
[    0.624719] PTP clock support registered
[    0.624719] EDAC MC: Ver: 3.0.0
[    0.627576] efivars: Registered efivars operations
[    0.627841] NetLabel: Initializing
[    0.627842] NetLabel:  domain hash size = 128
[    0.627843] NetLabel:  protocols = UNLABELED CIPSOv4 CALIPSO
[    0.627864] NetLabel:  unlabeled traffic allowed by default
[    0.628602] mctp: management component transport protocol core
[    0.628602] NET: Registered PF_MCTP protocol family
[    0.628602] PCI: Using ACPI for IRQ routing
[    0.647464] PCI: pci_cache_line_size set to 64 bytes
[    0.649588] pci 0000:00:1f.5: BAR 0 [mem 0xfe010000-0xfe010fff]: can't claim; no compatible bridge window
[    0.649669] e820: reserve RAM buffer [mem 0x0009f000-0x0009ffff]
[    0.649671] e820: reserve RAM buffer [mem 0x30119000-0x33ffffff]
[    0.649672] e820: reserve RAM buffer [mem 0x3122e000-0x33ffffff]
[    0.649673] e820: reserve RAM buffer [mem 0x3558b000-0x37ffffff]
[    0.649675] e820: reserve RAM buffer [mem 0x35e5c000-0x37ffffff]
[    0.649675] e820: reserve RAM buffer [mem 0x39e2f000-0x3bffffff]
[    0.649676] e820: reserve RAM buffer [mem 0x44c00000-0x47ffffff]
[    0.649677] e820: reserve RAM buffer [mem 0x4b0800000-0x4b3ffffff]
[    0.649706] pci 0000:00:02.0: vgaarb: setting as boot VGA device
[    0.649706] pci 0000:00:02.0: vgaarb: bridge control possible
[    0.649706] pci 0000:00:02.0: vgaarb: VGA device added: decodes=io+mem,owns=io+mem,locks=none
[    0.649706] vgaarb: loaded
[    0.649706] clocksource: Switched to clocksource tsc-early
[    0.650204] VFS: Disk quotas dquot_6.6.0
[    0.650216] VFS: Dquot-cache hash table entries: 512 (order 0, 4096 bytes)
[    0.650343] AppArmor: AppArmor Filesystem Enabled
[    0.650343] pnp: PnP ACPI init
[    0.651148] system 00:00: [io  0x0680-0x069f] has been reserved
[    0.651151] system 00:00: [io  0xf800-0xf87f] has been reserved
[    0.651153] system 00:00: [io  0xf880-0xf8ff] has been reserved
[    0.651154] system 00:00: [io  0xfc00-0xfc7f] has been reserved
[    0.651155] system 00:00: [io  0xfc80-0xfcff] has been reserved
[    0.651157] system 00:00: [io  0xfd00-0xfd7f] has been reserved
[    0.651158] system 00:00: [io  0x164e-0x164f] has been reserved
[    0.651159] system 00:00: [io  0x2000-0x207f] has been reserved
[    0.651160] system 00:00: [io  0x2080-0x20ff] has been reserved
[    0.651162] system 00:00: [io  0x0600-0x0603] has been reserved
[    0.651163] system 00:00: [io  0x0604-0x0607] has been reserved
[    0.651309] system 00:01: [io  0x1854-0x1857] has been reserved
[    0.652214] pnp 00:03: disabling [mem 0xc0000000-0xcfffffff] because it overlaps 0000:00:02.0 BAR 9 [mem 0x00000000-0xdfffffff 64bit pref]
[    0.652242] system 00:03: [mem 0xfedc0000-0xfedc7fff] has been reserved
[    0.652244] system 00:03: [mem 0xfeda0000-0xfeda0fff] has been reserved
[    0.652246] system 00:03: [mem 0xfeda1000-0xfeda1fff] has been reserved
[    0.652247] system 00:03: [mem 0xfed20000-0xfed7ffff] could not be reserved
[    0.652249] system 00:03: [mem 0xfed90000-0xfed93fff] could not be reserved
[    0.652250] system 00:03: [mem 0xfed45000-0xfed8ffff] could not be reserved
[    0.652252] system 00:03: [mem 0xfee00000-0xfeefffff] has been reserved
[    0.653446] system 00:04: [io  0x1800-0x18fe] could not be reserved
[    0.653448] system 00:04: [mem 0xfe000000-0xfe01ffff] could not be reserved
[    0.653449] system 00:04: [mem 0xfe04c000-0xfe04ffff] has been reserved
[    0.653451] system 00:04: [mem 0xfe050000-0xfe0affff] has been reserved
[    0.653452] system 00:04: [mem 0xfe0d0000-0xfe0fffff] has been reserved
[    0.653454] system 00:04: [mem 0xfe200000-0xfe7fffff] has been reserved
[    0.653455] system 00:04: [mem 0xff000000-0xffffffff] has been reserved
[    0.653456] system 00:04: [mem 0xfd000000-0xfd68ffff] has been reserved
[    0.653458] system 00:04: [mem 0xfd6b0000-0xfd6cffff] has been reserved
[    0.653459] system 00:04: [mem 0xfd6f0000-0xfdffffff] has been reserved
[    0.653998] pnp: PnP ACPI: found 6 devices
[    0.659703] clocksource: acpi_pm: mask: 0xffffff max_cycles: 0xffffff, max_idle_ns: 2085701024 ns
[    0.659769] NET: Registered PF_INET protocol family
[    0.659961] IP idents hash table entries: 262144 (order: 9, 2097152 bytes, linear)
[    0.675782] tcp_listen_portaddr_hash hash table entries: 8192 (order: 5, 131072 bytes, linear)
[    0.675807] Table-perturb hash table entries: 65536 (order: 6, 262144 bytes, linear)
[    0.675878] TCP established hash table entries: 131072 (order: 8, 1048576 bytes, linear)
[    0.676082] TCP bind hash table entries: 65536 (order: 9, 2097152 bytes, linear)
[    0.676295] TCP: Hash tables configured (established 131072 bind 65536)
[    0.676381] MPTCP token hash table entries: 16384 (order: 6, 393216 bytes, linear)
[    0.676420] UDP hash table entries: 8192 (order: 6, 262144 bytes, linear)
[    0.676459] UDP-Lite hash table entries: 8192 (order: 6, 262144 bytes, linear)
[    0.676518] NET: Registered PF_UNIX/PF_LOCAL protocol family
[    0.676524] NET: Registered PF_XDP protocol family
[    0.676531] pci_bus 0000:00: max bus depth: 1 pci_try_num: 2
[    0.676551] pci 0000:00:02.0: VF BAR 2 [mem 0x4020000000-0x40ffffffff 64bit pref]: assigned
[    0.676556] pci 0000:00:02.0: VF BAR 0 [mem 0x4010000000-0x4016ffffff 64bit]: assigned
[    0.676559] pci 0000:00:07.0: bridge window [io  0x5000-0x5fff]: assigned
[    0.676561] pci 0000:00:07.1: bridge window [io  0x6000-0x6fff]: assigned
[    0.676563] pci 0000:00:15.0: BAR 0 [mem 0x4017000000-0x4017000fff 64bit]: assigned
[    0.676582] pci 0000:00:15.2: BAR 0 [mem 0x4017001000-0x4017001fff 64bit]: assigned
[    0.676599] pci 0000:00:15.3: BAR 0 [mem 0x4017002000-0x4017002fff 64bit]: assigned
[    0.676617] pci 0000:00:1f.5: BAR 0 [mem 0x4f800000-0x4f800fff]: assigned
[    0.676629] pci 0000:00:07.0: PCI bridge to [bus 01-2a]
[    0.676631] pci 0000:00:07.0:   bridge window [io  0x5000-0x5fff]
[    0.676636] pci 0000:00:07.0:   bridge window [mem 0x5e000000-0x6a1fffff]
[    0.676639] pci 0000:00:07.0:   bridge window [mem 0x6000000000-0x601bffffff 64bit pref]
[    0.676644] pci 0000:00:07.1: PCI bridge to [bus 2b-54]
[    0.676646] pci 0000:00:07.1:   bridge window [io  0x6000-0x6fff]
[    0.676649] pci 0000:00:07.1:   bridge window [mem 0x50000000-0x5c1fffff]
[    0.676652] pci 0000:00:07.1:   bridge window [mem 0x6020000000-0x603bffffff 64bit pref]
[    0.676657] pci 0000:00:1c.0: PCI bridge to [bus 55-59]
[    0.676666] pci 0000:00:1c.0:   bridge window [io  0x3000-0x3fff]
[    0.676670] pci 0000:00:1c.0:   bridge window [mem 0x5d000000-0x5dffffff]
[    0.676674] pci 0000:00:1c.0:   bridge window [mem 0x601c000000-0x601cffffff 64bit pref]
[    0.676680] pci 0000:00:1c.5: PCI bridge to [bus 5a]
[    0.676689] pci 0000:00:1c.5:   bridge window [mem 0x5c300000-0x5c3fffff]
[    0.676697] pci 0000:00:1d.0: PCI bridge to [bus 5b]
[    0.676702] pci 0000:00:1d.0:   bridge window [mem 0x5c200000-0x5c2fffff]
[    0.676709] pci_bus 0000:00: resource 4 [io  0x0000-0x0cf7 window]
[    0.676711] pci_bus 0000:00: resource 5 [io  0x0d00-0xffff window]
[    0.676712] pci_bus 0000:00: resource 6 [mem 0x000a0000-0x000bffff window]
[    0.676714] pci_bus 0000:00: resource 7 [mem 0x4f800000-0xbfffffff window]
[    0.676715] pci_bus 0000:00: resource 8 [mem 0x4000000000-0x7fffffffff window]
[    0.676717] pci_bus 0000:01: resource 0 [io  0x5000-0x5fff]
[    0.676718] pci_bus 0000:01: resource 1 [mem 0x5e000000-0x6a1fffff]
[    0.676719] pci_bus 0000:01: resource 2 [mem 0x6000000000-0x601bffffff 64bit pref]
[    0.676721] pci_bus 0000:2b: resource 0 [io  0x6000-0x6fff]
[    0.676722] pci_bus 0000:2b: resource 1 [mem 0x50000000-0x5c1fffff]
[    0.676723] pci_bus 0000:2b: resource 2 [mem 0x6020000000-0x603bffffff 64bit pref]
[    0.676725] pci_bus 0000:55: resource 0 [io  0x3000-0x3fff]
[    0.676726] pci_bus 0000:55: resource 1 [mem 0x5d000000-0x5dffffff]
[    0.676727] pci_bus 0000:55: resource 2 [mem 0x601c000000-0x601cffffff 64bit pref]
[    0.676729] pci_bus 0000:5a: resource 1 [mem 0x5c300000-0x5c3fffff]
[    0.676730] pci_bus 0000:5b: resource 1 [mem 0x5c200000-0x5c2fffff]
[    0.680759] PCI: CLS 64 bytes, default 64
[    0.680800] DMAR: No ATSR found
[    0.680801] DMAR: No SATC found
[    0.680802] DMAR: IOMMU feature fl1gp_support inconsistent
[    0.680803] DMAR: IOMMU feature pgsel_inv inconsistent
[    0.680804] DMAR: IOMMU feature nwfs inconsistent
[    0.680805] DMAR: IOMMU feature pds inconsistent
[    0.680806] DMAR: IOMMU feature dit inconsistent
[    0.680806] DMAR: IOMMU feature eafs inconsistent
[    0.680807] DMAR: IOMMU feature prs inconsistent
[    0.680808] DMAR: IOMMU feature nest inconsistent
[    0.680808] DMAR: IOMMU feature mts inconsistent
[    0.680809] DMAR: IOMMU feature sc_support inconsistent
[    0.680810] DMAR: IOMMU feature dev_iotlb_support inconsistent
[    0.680811] DMAR: dmar2: Using Queued invalidation
[    0.680814] DMAR: dmar1: Using Queued invalidation
[    0.680817] DMAR: dmar0: Using Queued invalidation
[    0.680819] DMAR: dmar3: Using Queued invalidation
[    0.680861] Trying to unpack rootfs image as initramfs...
[    0.680973] pci 0000:00:07.1: Adding to iommu group 0
[    0.681054] pci 0000:00:07.0: Adding to iommu group 1
[    0.681115] pci 0000:00:02.0: Adding to iommu group 2
[    0.681503] pci 0000:00:00.0: Adding to iommu group 3
[    0.681512] pci 0000:00:04.0: Adding to iommu group 4
[    0.681521] pci 0000:00:08.0: Adding to iommu group 5
[    0.681529] pci 0000:00:0a.0: Adding to iommu group 6
[    0.681545] pci 0000:00:0d.0: Adding to iommu group 7
[    0.681553] pci 0000:00:0d.2: Adding to iommu group 7
[    0.681570] pci 0000:00:14.0: Adding to iommu group 8
[    0.681578] pci 0000:00:14.2: Adding to iommu group 8
[    0.681587] pci 0000:00:14.3: Adding to iommu group 9
[    0.681606] pci 0000:00:15.0: Adding to iommu group 10
[    0.681615] pci 0000:00:15.2: Adding to iommu group 10
[    0.681625] pci 0000:00:15.3: Adding to iommu group 10
[    0.681636] pci 0000:00:16.0: Adding to iommu group 11
[    0.681657] pci 0000:00:1c.0: Adding to iommu group 12
[    0.681669] pci 0000:00:1c.5: Adding to iommu group 13
[    0.681680] pci 0000:00:1d.0: Adding to iommu group 14
[    0.681706] pci 0000:00:1f.0: Adding to iommu group 15
[    0.681716] pci 0000:00:1f.3: Adding to iommu group 15
[    0.681725] pci 0000:00:1f.4: Adding to iommu group 15
[    0.681735] pci 0000:00:1f.5: Adding to iommu group 15
[    0.681746] pci 0000:00:1f.6: Adding to iommu group 15
[    0.681763] pci 0000:5a:00.0: Adding to iommu group 16
[    0.681778] pci 0000:5b:00.0: Adding to iommu group 17
[    0.682673] DMAR: Intel(R) Virtualization Technology for Directed I/O
[    0.682675] PCI-DMA: Using software bounce buffering for IO (SWIOTLB)
[    0.682676] software IO TLB: mapped [mem 0x0000000031442000-0x0000000035442000] (64MB)
[    0.684371] resource: resource sanity check: requesting [mem 0x00000000fedc0000-0x00000000fedcdfff], which spans more than pnp 00:03 [mem 0xfedc0000-0xfedc7fff]
[    0.684377] caller __uncore_imc_init_box+0xcb/0x150 mapping multiple BARs
[    0.684492] clocksource: tsc: mask: 0xffffffffffffffff max_cycles: 0x28680fa287f, max_idle_ns: 440795281151 ns
[    0.684508] clocksource: Switched to clocksource tsc
[    0.684536] platform rtc_cmos: registered platform RTC device (no PNP device found)
[    0.684957] Initialise system trusted keyrings
[    0.684965] Key type blacklist registered
[    0.685031] workingset: timestamp_bits=36 max_order=22 bucket_order=0
[    0.685039] zbud: loaded
[    0.685230] squashfs: version 4.0 (2009/01/31) Phillip Lougher
[    0.685302] fuse: init (API version 7.39)
[    0.685408] integrity: Platform Keyring initialized
[    0.685412] integrity: Machine keyring initialized
[    0.695455] Key type asymmetric registered
[    0.695457] Asymmetric key parser 'x509' registered
[    0.695469] Block layer SCSI generic (bsg) driver version 0.4 loaded (major 243)
[    0.695535] io scheduler mq-deadline registered
[    0.697675] pcieport 0000:00:07.0: PME: Signaling with IRQ 124
[    0.697696] pcieport 0000:00:07.0: pciehp: Slot #0 AttnBtn- PwrCtrl- MRL- AttnInd- PwrInd- HotPlug+ Surprise+ Interlock- NoCompl+ IbPresDis- LLActRep+
[    0.698069] pcieport 0000:00:07.1: PME: Signaling with IRQ 125
[    0.698090] pcieport 0000:00:07.1: pciehp: Slot #0 AttnBtn- PwrCtrl- MRL- AttnInd- PwrInd- HotPlug+ Surprise+ Interlock- NoCompl+ IbPresDis- LLActRep+
[    0.698349] pcieport 0000:00:1c.0: PME: Signaling with IRQ 126
[    0.698598] pcieport 0000:00:1c.5: PME: Signaling with IRQ 127
[    0.698840] pcieport 0000:00:1d.0: PME: Signaling with IRQ 128
[    0.698942] shpchp: Standard Hot Plug PCI Controller Driver version: 0.4
[    0.699282] Monitor-Mwait will be used to enter C-1 state
[    0.699298] Monitor-Mwait will be used to enter C-2 state
[    0.699306] Monitor-Mwait will be used to enter C-3 state
[    0.699311] ACPI: \_SB_.PR00: Found 3 idle states
[    0.700002] ACPI: AC: AC Adapter [AC] (off-line)
[    0.700043] input: Power Button as /devices/LNXSYSTM:00/LNXSYBUS:00/PNP0C0C:00/input/input0
[    0.700059] ACPI: button: Power Button [PWRB]
[    0.700080] input: Lid Switch as /devices/LNXSYSTM:00/LNXSYBUS:00/PNP0C0D:00/input/input1
[    0.700185] ACPI: button: Lid Switch [LID]
[    0.701728] ACPI: thermal: [Firmware Bug]: Invalid critical threshold (-274000)
[    0.701773] ACPI: thermal: [Firmware Bug]: No valid trip points!
[    0.702023] Serial: 8250/16550 driver, 32 ports, IRQ sharing enabled
[    0.706178] hpet_acpi_add: no address or irqs in _CRS
[    0.706203] Linux agpgart interface v0.103
[    0.711423] tpm tpm0: tpm_read_log_acpi: Failed to map ACPI memory
[    0.714680] loop: module loaded
[    0.714848] ACPI: bus type drm_connector registered
[    0.715031] tun: Universal TUN/TAP device driver, 1.6
[    0.715079] PPP generic driver version 2.4.2
[    0.715181] i8042: PNP: PS/2 Controller [PNP0320:KBC] at 0x60,0x64 irq 1
[    0.715183] i8042: PNP: PS/2 appears to have AUX port disabled, if this is incorrect please boot with i8042.nopnp
[    0.719132] serio: i8042 KBD port at 0x60,0x64 irq 1
[    0.719266] mousedev: PS/2 mouse device common for all mice
[    0.719381] rtc_cmos rtc_cmos: RTC can wake from S4
[    0.720215] rtc_cmos rtc_cmos: registered as rtc0
[    0.720406] rtc_cmos rtc_cmos: setting system clock to 2026-01-02T15:57:48 UTC (1767369468)
[    0.720437] rtc_cmos rtc_cmos: alarms up to one month, y3k, 114 bytes nvram
[    0.720444] i2c_dev: i2c /dev entries driver
[    0.720559] device-mapper: core: CONFIG_IMA_DISABLE_HTABLE is disabled. Duplicate IMA measurements will not be recorded in the IMA log.
[    0.720572] device-mapper: uevent: version 1.0.3
[    0.720610] device-mapper: ioctl: 4.48.0-ioctl (2023-03-01) initialised: dm-devel@redhat.com
[    0.720615] intel_pstate: Intel P-state driver initializing
[    0.721066] intel_pstate: HWP enabled
[    0.721104] ledtrig-cpu: registered to indicate activity on CPUs
[    0.721226] [drm] Initialized simpledrm 1.0.0 20200625 for simple-framebuffer.0 on minor 0
[    0.721823] fbcon: Deferring console take-over
[    0.721824] simple-framebuffer simple-framebuffer.0: [drm] fb0: simpledrmdrmfb frame buffer device
[    0.721993] drop_monitor: Initializing network drop monitor service
[    0.722069] NET: Registered PF_INET6 protocol family
[    0.741347] ACPI Warning: \_SB.CMB1._BIX: Return Package is too small - found 20 elements, expected 21 (20230628/nsprepkg-649)
[    0.741874] ACPI: battery: Slot [CMB1] (battery present)
[    0.756661] input: AT Translated Set 2 keyboard as /devices/platform/i8042/serio0/input/input2
[    0.920990] Freeing initrd memory: 77484K
[    0.925198] Segment Routing with IPv6
[    0.925213] In-situ OAM (IOAM) with IPv6
[    0.925243] NET: Registered PF_PACKET protocol family
[    0.925270] Key type dns_resolver registered
[    0.925947] ENERGY_PERF_BIAS: Set to 'normal', was 'performance'
[    0.926012] microcode: Current revision: 0x000000bc
[    0.926013] microcode: Updated early from: 0x000000ac
[    0.926113] resctrl: L2 allocation detected
[    0.926124] IPI shorthand broadcast: enabled
[    0.927110] sched_clock: Marking stable (918000952, 8304162)->(1006665240, -80360126)
[    0.927272] registered taskstats version 1
[    0.927559] Loading compiled-in X.509 certificates
[    0.928023] Loaded X.509 cert 'Build time autogenerated kernel key: 3a28b99deb7e5c703eca7c8b2fa354b039f7c5ad'
[    0.928442] Loaded X.509 cert 'Canonical Ltd. Live Patch Signing 2025 Kmod: d541cef61dc7e793b7eb7e899970a2eef0b5dc8c'
[    0.928799] Loaded X.509 cert 'Canonical Ltd. Live Patch Signing: 14df34d1a87cf37625abec039ef2bf521249b969'
[    0.929154] Loaded X.509 cert 'Canonical Ltd. Kernel Module Signing: 88f752e560a1e0737e31163a466ad7b70a850c19'
[    0.929155] blacklist: Loading compiled-in revocation X.509 certificates
[    0.929169] Loaded X.509 cert 'Canonical Ltd. Secure Boot Signing: 61482aa2830d0ab2ad5af10b7250da9033ddcef0'
[    0.929178] Loaded X.509 cert 'Canonical Ltd. Secure Boot Signing (2017): 242ade75ac4a15e50d50c84b0d45ff3eae707a03'
[    0.929186] Loaded X.509 cert 'Canonical Ltd. Secure Boot Signing (ESM 2018): 365188c1d374d6b07c3c8f240f8ef722433d6a8b'
[    0.929195] Loaded X.509 cert 'Canonical Ltd. Secure Boot Signing (2019): c0746fd6c5da3ae827864651ad66ae47fe24b3e8'
[    0.929204] Loaded X.509 cert 'Canonical Ltd. Secure Boot Signing (2021 v1): a8d54bbb3825cfb94fa13c9f8a594a195c107b8d'
[    0.929212] Loaded X.509 cert 'Canonical Ltd. Secure Boot Signing (2021 v2): 4cf046892d6fd3c9a5b03f98d845f90851dc6a8c'
[    0.929220] Loaded X.509 cert 'Canonical Ltd. Secure Boot Signing (2021 v3): 100437bb6de6e469b581e61cd66bce3ef4ed53af'
[    0.929229] Loaded X.509 cert 'Canonical Ltd. Secure Boot Signing (Ubuntu Core 2019): c1d57b8f6b743f23ee41f4f7ee292f06eecadfb9'
[    0.931300] Key type .fscrypt registered
[    0.931302] Key type fscrypt-provisioning registered
[    0.931333] Key type trusted registered
[    0.938563] Key type encrypted registered
[    0.938565] AppArmor: AppArmor sha256 policy hashing enabled
[    0.941741] integrity: Loading X.509 certificate: UEFI:db
[    0.941783] integrity: Loaded X.509 cert 'Microsoft Windows Production PCA 2011: a92902398e16c49778cd90f99e4f9ae17c55af53'
[    0.941784] integrity: Loading X.509 certificate: UEFI:db
[    0.941796] integrity: Loaded X.509 cert 'Microsoft Corporation UEFI CA 2011: 13adbf4309bd82709c8cd54f316ed522988a1bd4'
[    0.941796] integrity: Loading X.509 certificate: UEFI:db
[    0.941998] integrity: Loaded X.509 cert 'Fujitsu BIOS Secure Firmware Update Certificate: ed505b7af02e90984f12496213d48745'
[    0.941999] integrity: Loading X.509 certificate: UEFI:db
[    0.942118] integrity: Loaded X.509 cert 'Fujitsu BIOS DB Certificate: 2ebf8cd9b3324e874ef4e790ea6d1585'
[    0.942119] integrity: Loading X.509 certificate: UEFI:db
[    0.942246] integrity: Loaded X.509 cert 'Fujitsu Technology Solutions GmbH: DB: 9d8e0a4aa809435e7318cc863546eacfa37403e6'
[    0.949866] integrity: Revoking X.509 certificate: UEFI:dbx
[    0.949934] blacklist: Revoked X.509 cert 'Canonical Ltd. Secure Boot Signing: 61482aa2830d0ab2ad5af10b7250da9033ddcef0'
[    0.949935] integrity: Revoking X.509 certificate: UEFI:dbx
[    0.949951] blacklist: Revoked X.509 cert 'Cisco: Virtual UEFI SubCA: 13df2e3f54ebf347dcaecebf21d3cbb2355a4c9a'
[    0.949952] integrity: Revoking X.509 certificate: UEFI:dbx
[    0.949964] blacklist: Revoked X.509 cert 'Debian Secure Boot Signer: 00a7468def'
[    0.951151] integrity: Loading X.509 certificate: UEFI:MokListRT (MOKvar table)
[    0.951351] integrity: Loaded X.509 cert 'Canonical Ltd. Master Certificate Authority: ad91990bc22ab1f517048c23b6655a268e345a63'
[    0.951357] Loading compiled-in module X.509 certificates
[    0.951936] Loaded X.509 cert 'Build time autogenerated kernel key: 3a28b99deb7e5c703eca7c8b2fa354b039f7c5ad'
[    0.951938] ima: Allocated hash algorithm: sha256
[    0.983910] evm: Initialising EVM extended attributes:
[    0.983911] evm: security.selinux
[    0.983912] evm: security.SMACK64
[    0.983912] evm: security.SMACK64EXEC
[    0.983912] evm: security.SMACK64TRANSMUTE
[    0.983913] evm: security.SMACK64MMAP
[    0.983913] evm: security.apparmor
[    0.983914] evm: security.ima
[    0.983914] evm: security.capability
[    0.983914] evm: HMAC attrs: 0x1
[    0.983993] audit: type=1807 audit(1767369468.762:2): action=measure func=KEXEC_KERNEL_CHECK res=1
[    0.983997] audit: type=1807 audit(1767369468.762:3): action=measure func=MODULE_CHECK res=1
[    0.984188] PM:   Magic number: 10:152:992
[    0.984190] machinecheck machinecheck5: hash matches
[    0.984263] memory memory35: hash matches
[    0.986819] RAS: Correctable Errors collector initialized.
[    0.986851] Lockdown: swapper/0: hibernation is restricted; see man kernel_lockdown.7
[    0.986871] clk: Disabling unused clocks
[    0.994783] Freeing unused decrypted memory: 2028K
[    0.995509] Freeing unused kernel image (initmem) memory: 4908K
[    0.995511] Write protecting the kernel read-only data: 36864k
[    0.995936] Freeing unused kernel image (rodata/data gap) memory: 372K
[    1.005049] x86/mm: Checked W+X mappings: passed, no W+X pages found.
[    1.005053] Run /init as init process
[    1.005054]   with arguments:
[    1.005054]     /init
[    1.005055]     splash
[    1.005055]   with environment:
[    1.005056]     HOME=/
[    1.005056]     TERM=linux
[    1.005057]     BOOT_IMAGE=/boot/vmlinuz-6.8.0-87-generic
[    1.086835] hid: raw HID events driver (C) Jiri Kosina
[    1.095056] sdhci: Secure Digital Host Controller Interface driver
[    1.095059] sdhci: Copyright(c) Pierre Ossman
[    1.121106] xhci_hcd 0000:00:0d.0: xHCI Host Controller
[    1.121116] xhci_hcd 0000:00:0d.0: new USB bus registered, assigned bus number 1
[    1.121208] ACPI: bus type thunderbolt registered
[    1.122243] xhci_hcd 0000:00:0d.0: hcc params 0x20007fc1 hci version 0x120 quirks 0x0000000200009810
[    1.122514] xhci_hcd 0000:00:0d.0: xHCI Host Controller
[    1.122517] xhci_hcd 0000:00:0d.0: new USB bus registered, assigned bus number 2
[    1.122519] xhci_hcd 0000:00:0d.0: Host supports USB 3.1 Enhanced SuperSpeed
[    1.122556] usb usb1: New USB device found, idVendor=1d6b, idProduct=0002, bcdDevice= 6.08
[    1.122559] usb usb1: New USB device strings: Mfr=3, Product=2, SerialNumber=1
[    1.122560] usb usb1: Product: xHCI Host Controller
[    1.122561] usb usb1: Manufacturer: Linux 6.8.0-87-generic xhci-hcd
[    1.122562] usb usb1: SerialNumber: 0000:00:0d.0
[    1.122666] hub 1-0:1.0: USB hub found
[    1.122674] hub 1-0:1.0: 1 port detected
[    1.123040] usb usb2: New USB device found, idVendor=1d6b, idProduct=0003, bcdDevice= 6.08
[    1.123047] usb usb2: New USB device strings: Mfr=3, Product=2, SerialNumber=1
[    1.123049] usb usb2: Product: xHCI Host Controller
[    1.123053] usb usb2: Manufacturer: Linux 6.8.0-87-generic xhci-hcd
[    1.123057] usb usb2: SerialNumber: 0000:00:0d.0
[    1.123100] e1000e: Intel(R) PRO/1000 Network Driver
[    1.123104] e1000e: Copyright(c) 1999 - 2015 Intel Corporation.
[    1.123286] hub 2-0:1.0: USB hub found
[    1.123317] hub 2-0:1.0: 4 ports detected
[    1.123383] e1000e 0000:00:1f.6: Interrupt Throttling Rate (ints/sec) set to dynamic conservative mode
[    1.124730] xhci_hcd 0000:00:14.0: xHCI Host Controller
[    1.124735] xhci_hcd 0000:00:14.0: new USB bus registered, assigned bus number 3
[    1.125904] xhci_hcd 0000:00:14.0: hcc params 0x20007fc1 hci version 0x120 quirks 0x0000100200009810
[    1.126215] xhci_hcd 0000:00:14.0: xHCI Host Controller
[    1.126217] xhci_hcd 0000:00:14.0: new USB bus registered, assigned bus number 4
[    1.126219] xhci_hcd 0000:00:14.0: Host supports USB 3.1 Enhanced SuperSpeed
[    1.126255] usb usb3: New USB device found, idVendor=1d6b, idProduct=0002, bcdDevice= 6.08
[    1.126257] usb usb3: New USB device strings: Mfr=3, Product=2, SerialNumber=1
[    1.126258] usb usb3: Product: xHCI Host Controller
[    1.126260] usb usb3: Manufacturer: Linux 6.8.0-87-generic xhci-hcd
[    1.126261] usb usb3: SerialNumber: 0000:00:14.0
[    1.126382] hub 3-0:1.0: USB hub found
[    1.126412] hub 3-0:1.0: 12 ports detected
[    1.130207] usb usb4: New USB device found, idVendor=1d6b, idProduct=0003, bcdDevice= 6.08
[    1.130209] usb usb4: New USB device strings: Mfr=3, Product=2, SerialNumber=1
[    1.130210] usb usb4: Product: xHCI Host Controller
[    1.130210] usb usb4: Manufacturer: Linux 6.8.0-87-generic xhci-hcd
[    1.130211] usb usb4: SerialNumber: 0000:00:14.0
[    1.130320] hub 4-0:1.0: USB hub found
[    1.130335] hub 4-0:1.0: 4 ports detected
[    1.130628] i801_smbus 0000:00:1f.4: SPD Write Disable is set
[    1.130669] i801_smbus 0000:00:1f.4: SMBus using PCI interrupt
[    1.133715] i2c i2c-0: 8/8 memory slots populated (from DMI)
[    1.143186] intel-lpss 0000:00:15.0: enabling device (0004 -> 0006)
[    1.143527] idma64 idma64.0: Found Intel integrated DMA 64-bit
[    1.145816] sdhci-pci 0000:5a:00.0: SDHCI controller found [1217:8520] (rev 1)
[    1.147659] sdhci-pci 0000:5a:00.0: enabling device (0000 -> 0002)
[    1.148204] nvme 0000:5b:00.0: platform quirk: setting simple suspend
[    1.148252] nvme nvme0: pci function 0000:5b:00.0
[    1.165155] mmc0: SDHCI controller on PCI [0000:5a:00.0] using ADMA
[    1.168991] nvme nvme0: allocated 32 MiB host memory buffer.
[    1.170156] nvme nvme0: 8/0/0 default/read/poll queues
[    1.173458]  nvme0n1: p1 p2 p3 p4 p5
[    1.245552] intel-lpss 0000:00:15.2: enabling device (0004 -> 0006)
[    1.246745] idma64 idma64.1: Found Intel integrated DMA 64-bit
[    1.251158] intel-lpss 0000:00:15.3: enabling device (0004 -> 0006)
[    1.251393] idma64 idma64.2: Found Intel integrated DMA 64-bit
[    1.374320] usb 3-5: new full-speed USB device number 2 using xhci_hcd
[    1.444564] input: 0X53 0X59 0X4E 0X50 06CB:CE2B Mouse as /devices/pci0000:00/0000:00:15.3/i2c_designware.2/i2c-3/i2c-0X53 0X59 0X4E 0X50 0X31 0X46 0X31 0X35 0X00:00/0018:06CB:CE2B.0001/input/input3
[    1.445081] input: 0X53 0X59 0X4E 0X50 06CB:CE2B Touchpad as /devices/pci0000:00/0000:00:15.3/i2c_designware.2/i2c-3/i2c-0X53 0X59 0X4E 0X50 0X31 0X46 0X31 0X35 0X00:00/0018:06CB:CE2B.0001/input/input4
[    1.445441] hid-generic 0018:06CB:CE2B.0001: input,hidraw0: I2C HID v1.00 Mouse [0X53 0X59 0X4E 0X50 06CB:CE2B] on i2c-0X53 0X59 0X4E 0X50 0X31 0X46 0X31 0X35 0X00:00
[    1.502389] usb 3-5: New USB device found, idVendor=06cb, idProduct=00f3, bcdDevice= 0.00
[    1.502394] usb 3-5: New USB device strings: Mfr=0, Product=0, SerialNumber=1
[    1.502395] usb 3-5: SerialNumber: 4fc5212a5cd2
[    1.528647] e1000e 0000:00:1f.6 0000:00:1f.6 (uninitialized): registered PHC clock
[    1.597064] e1000e 0000:00:1f.6 eth0: (PCI Express:2.5GT/s:Width x1) e4:46:b0:0e:e6:14
[    1.597071] e1000e 0000:00:1f.6 eth0: Intel(R) PRO/1000 Network Connection
[    1.597231] e1000e 0000:00:1f.6 eth0: MAC: 14, PHY: 12, PBA No: FFFFFF-0FF
[    1.613358] e1000e 0000:00:1f.6 enp0s31f6: renamed from eth0
[    1.618331] usb 3-6: new high-speed USB device number 3 using xhci_hcd
[    1.824281] usb 3-6: New USB device found, idVendor=04f2, idProduct=b703, bcdDevice= 3.04
[    1.824285] usb 3-6: New USB device strings: Mfr=1, Product=2, SerialNumber=3
[    1.824286] usb 3-6: Product: FJ Camera
[    1.824287] usb 3-6: Manufacturer: SunplusIT Inc
[    1.824288] usb 3-6: SerialNumber: 01.00.00
[    1.967407] usb 3-10: new full-speed USB device number 4 using xhci_hcd
[    2.095554] usb 3-10: New USB device found, idVendor=8087, idProduct=0026, bcdDevice= 0.02
[    2.095560] usb 3-10: New USB device strings: Mfr=0, Product=0, SerialNumber=0
[    2.146252] fbcon: Taking over console
[    2.149686] Console: switching to colour frame buffer device 240x67
[    2.151322] EXT4-fs (nvme0n1p5): mounted filesystem 9f0f20e5-9095-429f-bdc1-459098314d4a ro with ordered data mode. Quota mode: none.
[    2.242159] systemd[1]: Inserted module 'autofs4'
[    2.436635] systemd[1]: systemd 249.11-0ubuntu3.17 running in system mode (+PAM +AUDIT +SELINUX +APPARMOR +IMA +SMACK +SECCOMP +GCRYPT +GNUTLS +OPENSSL +ACL +BLKID +CURL +ELFUTILS +FIDO2 +IDN2 -IDN +IPTC +KMOD +LIBCRYPTSETUP +LIBFDISK +PCRE2 -PWQUALITY -P11KIT -QRENCODE +BZIP2 +LZ4 +XZ +ZLIB +ZSTD -XKBCOMMON +UTMP +SYSVINIT default-hierarchy=unified)
[    2.436697] systemd[1]: Detected architecture x86-64.
[    2.437888] systemd[1]: Hostname set to <honjo-FMVU93F3BZ>.
[    2.441011] Lockdown: systemd: /dev/mem,kmem,port is restricted; see man kernel_lockdown.7
[    2.478181] block nvme0n1: the capability attribute has been deprecated.
[    2.503837] systemd[1]: Configuration file /run/systemd/system/netplan-ovs-cleanup.service is marked world-inaccessible. This has no effect as configuration data is accessible via APIs without restrictions. Proceeding anyway.
[    2.514690] systemd[1]: /lib/systemd/system/snapd.service:23: Unknown key name 'RestartMode' in section 'Service', ignoring.
[    2.545954] typec port0: bound usb3-port8 (ops connector_ops)
[    2.545960] typec port0: bound usb2-port1 (ops connector_ops)
[    2.549959] systemd[1]: Queued start job for default target Graphical Interface.
[    2.561615] systemd[1]: Created slice Slice /system/modprobe.
[    2.561784] systemd[1]: Created slice Slice /system/systemd-fsck.
[    2.561878] systemd[1]: Created slice User and Session Slice.
[    2.561916] systemd[1]: Started Forward Password Requests to Wall Directory Watch.
[    2.562002] systemd[1]: Set up automount Arbitrary Executable File Formats File System Automount Point.
[    2.562044] systemd[1]: Reached target User and Group Name Lookups.
[    2.562057] systemd[1]: Reached target Remote File Systems.
[    2.562068] systemd[1]: Reached target Slice Units.
[    2.562081] systemd[1]: Reached target Mounting snaps.
[    2.562099] systemd[1]: Reached target Local Verity Protected Volumes.
[    2.562160] systemd[1]: Listening on Syslog Socket.
[    2.562214] systemd[1]: Listening on fsck to fsckd communication Socket.
[    2.562242] systemd[1]: Listening on initctl Compatibility Named Pipe.
[    2.562331] systemd[1]: Listening on Journal Audit Socket.
[    2.562392] systemd[1]: Listening on Journal Socket (/dev/log).
[    2.562446] systemd[1]: Listening on Journal Socket.
[    2.562618] systemd[1]: Listening on udev Control Socket.
[    2.562666] systemd[1]: Listening on udev Kernel Socket.
[    2.563094] systemd[1]: Mounting Huge Pages File System...
[    2.563535] systemd[1]: Mounting POSIX Message Queue File System...
[    2.564057] systemd[1]: Mounting Kernel Debug File System...
[    2.564460] systemd[1]: Mounting Kernel Trace File System...
[    2.565383] systemd[1]: Starting Journal Service...
[    2.566037] systemd[1]: Starting Set the console keyboard layout...
[    2.566757] systemd[1]: Starting Create List of Static Device Nodes...
[    2.567416] systemd[1]: Starting Load Kernel Module configfs...
[    2.568103] systemd[1]: Starting Load Kernel Module drm...
[    2.568649] systemd[1]: Starting Load Kernel Module efi_pstore...
[    2.569363] systemd[1]: Starting Load Kernel Module fuse...
[    2.569500] systemd[1]: Condition check resulted in File System Check on Root Device being skipped.
[    2.570424] systemd[1]: Starting Load Kernel Modules...
[    2.570950] systemd[1]: Starting Remount Root and Kernel File Systems...
[    2.571576] systemd[1]: Starting Coldplug All udev Devices...
[    2.572659] systemd[1]: Mounted Huge Pages File System.
[    2.572726] systemd[1]: Mounted POSIX Message Queue File System.
[    2.572773] systemd[1]: Mounted Kernel Debug File System.
[    2.572808] systemd[1]: Mounted Kernel Trace File System.
[    2.573007] systemd[1]: Finished Create List of Static Device Nodes.
[    2.573206] systemd[1]: modprobe@configfs.service: Deactivated successfully.
[    2.573422] systemd[1]: Finished Load Kernel Module configfs.
[    2.573575] systemd[1]: modprobe@drm.service: Deactivated successfully.
[    2.573765] systemd[1]: Finished Load Kernel Module drm.
[    2.573940] systemd[1]: modprobe@fuse.service: Deactivated successfully.
[    2.574144] systemd[1]: Finished Load Kernel Module fuse.
[    2.574832] systemd[1]: Mounting FUSE Control File System...
[    2.575529] systemd[1]: Mounting Kernel Configuration File System...
[    2.576825] systemd[1]: Mounted FUSE Control File System.
[    2.576896] systemd[1]: Mounted Kernel Configuration File System.
[    2.582933] EXT4-fs (nvme0n1p5): re-mounted 9f0f20e5-9095-429f-bdc1-459098314d4a r/w. Quota mode: none.
[    2.583845] systemd[1]: Finished Remount Root and Kernel File Systems.
[    2.584445] systemd[1]: Activating swap /swapfile...
[    2.585015] systemd[1]: Starting Load/Save Random Seed...
[    2.585753] systemd[1]: Starting Create System Users...
[    2.587143] Adding 2097148k swap on /swapfile.  Priority:-2 extents:16 across:16908288k SS
[    2.587169] systemd[1]: Activated swap /swapfile.
[    2.587658] systemd[1]: Reached target Swaps.
[    2.590258] pstore: Using crash dump compression: deflate
[    2.593130] systemd[1]: Finished Load/Save Random Seed.
[    2.593314] systemd[1]: Condition check resulted in First Boot Complete being skipped.
[    2.603375] systemd[1]: Finished Create System Users.
[    2.604424] systemd[1]: Starting Create Static Device Nodes in /dev...
[    2.611455] lp: driver loaded but no devices found
[    2.613397] systemd[1]: Finished Create Static Device Nodes in /dev.
[    2.614878] systemd[1]: Starting Rule-based Manager for Device Events and Files...
[    2.616360] systemd[1]: Started Journal Service.
[    2.618267] ppdev: user-space parallel port driver
[    2.621070] systemd-journald[394]: Received client request to flush runtime journal.
[    2.625918] loop0: detected capacity change from 0 to 8
[    2.627968] loop1: detected capacity change from 0 to 359760
[    2.630460] loop2: detected capacity change from 0 to 379248
[    2.634424] loop3: detected capacity change from 0 to 648120
[    2.634553] loop4: detected capacity change from 0 to 676312
[    2.636455] loop5: detected capacity change from 0 to 113640
[    2.637677] loop6: detected capacity change from 0 to 113640
[    2.639168] loop7: detected capacity change from 0 to 130608
[    2.647424] loop9: detected capacity change from 0 to 151368
[    2.647465] loop10: detected capacity change from 0 to 151456
[    2.647889] loop8: detected capacity change from 0 to 130608
[    2.649027] loop12: detected capacity change from 0 to 136896
[    2.649574] loop11: detected capacity change from 0 to 136896
[    2.649988] loop13: detected capacity change from 0 to 99976
[    2.652446] loop14: detected capacity change from 0 to 97456
[    2.655107] loop15: detected capacity change from 0 to 9944
[    2.655147] loop16: detected capacity change from 0 to 18760
[    2.656449] loop17: detected capacity change from 0 to 512176
[    2.658289] loop18: detected capacity change from 0 to 513656
[    2.660046] loop19: detected capacity change from 0 to 716176
[    2.662935] loop20: detected capacity change from 0 to 1057184
[    2.663332] loop21: detected capacity change from 0 to 1056784
[    2.664432] loop22: detected capacity change from 0 to 187776
[    2.667993] loop23: detected capacity change from 0 to 680
[    2.669512] loop24: detected capacity change from 0 to 680
[    2.669754] loop25: detected capacity change from 0 to 9360
[    2.670517] loop26: detected capacity change from 0 to 9336
[    2.671539] loop27: detected capacity change from 0 to 22032
[    2.672770] loop28: detected capacity change from 0 to 22176
[    2.674989] loop29: detected capacity change from 0 to 104296
[    2.677519] loop31: detected capacity change from 0 to 1152
[    2.677523] loop30: detected capacity change from 0 to 1136
[    2.678968] loop32: detected capacity change from 0 to 657616
[    2.689232] loop33: detected capacity change from 0 to 103976
[    2.691013] pstore: Registered efi_pstore as persistent store backend
[    2.805167] fujitsu_laptop: ACPI: Fujitsu FUJ02E3 [FEXT]
[    2.823304] ACPI BIOS Error (bug): Could not resolve symbol [\S1CT], AE_NOT_FOUND (20230628/psargs-332)

[    2.823318] No Local Variables are initialized for Method [_CRT]

[    2.823320] No Arguments are initialized for method [_CRT]

[    2.823321] ACPI Error: Aborting method \_SB.SEN1._CRT due to previous error (AE_NOT_FOUND) (20230628/psparse-529)
[    2.823337] ACPI BIOS Error (bug): Could not resolve symbol [\S1HT], AE_NOT_FOUND (20230628/psargs-332)

[    2.823340] No Local Variables are initialized for Method [_HOT]

[    2.823341] No Arguments are initialized for method [_HOT]

[    2.823343] ACPI Error: Aborting method \_SB.SEN1._HOT due to previous error (AE_NOT_FOUND) (20230628/psparse-529)
[    2.823359] ACPI BIOS Error (bug): Could not resolve symbol [\S1PT], AE_NOT_FOUND (20230628/psargs-332)

[    2.823362] No Local Variables are initialized for Method [_PSV]

[    2.823363] No Arguments are initialized for method [_PSV]

[    2.823364] ACPI Error: Aborting method \_SB.SEN1._PSV due to previous error (AE_NOT_FOUND) (20230628/psparse-529)
[    2.823379] ACPI BIOS Error (bug): Could not resolve symbol [\S1AT], AE_NOT_FOUND (20230628/psargs-332)

[    2.823382] No Local Variables are initialized for Method [_AC0]

[    2.823383] No Arguments are initialized for method [_AC0]

[    2.823385] ACPI Error: Aborting method \_SB.SEN1._AC0 due to previous error (AE_NOT_FOUND) (20230628/psparse-529)
[    2.823414] Consider using thermal netlink events interface
[    2.824637] input: Intel HID events as /devices/platform/INTC1051:00/input/input6
[    2.826004] ACPI: \_SB_.FEXT: BTNI: [0x10001]
[    2.826029] input: Fujitsu FUJ02E3 as /devices/LNXSYSTM:00/LNXSYBUS:00/FUJ02E3:00/input/input7
[    2.827105] intel-hid INTC1051:00: platform supports 5 button array
[    2.827125] input: Intel HID 5 button array as /devices/platform/INTC1051:00/input/input8
[    2.838535] intel_pmc_core INT33A1:00:  initialized
[    2.843666] intel-hid INTC1051:00: failed to get button capability
[    2.843687] intel-hid INTC1051:00: failed to enable HID power button
[    2.877096] EDAC igen6: v2.5.1
[    2.889134] fujitsu_laptop: driver 0.6.0 successfully loaded
[    2.915713] mc: Linux media interface: v0.10
[    2.926390] mei_me 0000:00:16.0: enabling device (0000 -> 0002)
[    2.955853] cfg80211: Loading compiled-in X.509 certificates for regulatory database
[    2.956001] Loaded X.509 cert 'sforshee: 00b28ddf47aef9cea7'
[    2.956136] Loaded X.509 cert 'wens: 61c038651aabdcf94bd0ac7ff06c7248db18c600'
[    2.984706] videodev: Linux video capture interface: v2.00
[    2.990467] Intel(R) Wireless WiFi driver for Linux
[    3.006253] iwlwifi 0000:00:14.3: Detected crf-id 0x3617, cnv-id 0x20000302 wfpm id 0x80000000
[    3.006310] iwlwifi 0000:00:14.3: PCI dev a0f0/0074, rev=0x351, rfid=0x10a100
[    3.009260] Creating 1 MTD partitions on "0000:00:1f.5":
[    3.009265] 0x000000000000-0x000001000000 : "BIOS"
[    3.009350] Bluetooth: Core ver 2.22
[    3.009369] NET: Registered PF_BLUETOOTH protocol family
[    3.009371] Bluetooth: HCI device and connection manager initialized
[    3.009374] Bluetooth: HCI socket layer initialized
[    3.009376] Bluetooth: L2CAP socket layer initialized
[    3.009380] Bluetooth: SCO socket layer initialized
[    3.015926] iwlwifi 0000:00:14.3: TLV_FW_FSEQ_VERSION: FSEQ Version: 89.3.35.37
[    3.017772] iwlwifi 0000:00:14.3: loaded firmware version 77.b405f9d4.0 QuZ-a0-hr-b0-77.ucode op_mode iwlmvm
[    3.062871] input: 0X53 0X59 0X4E 0X50 06CB:CE2B Mouse as /devices/pci0000:00/0000:00:15.3/i2c_designware.2/i2c-3/i2c-0X53 0X59 0X4E 0X50 0X31 0X46 0X31 0X35 0X00:00/0018:06CB:CE2B.0001/input/input9
[    3.062971] input: 0X53 0X59 0X4E 0X50 06CB:CE2B Touchpad as /devices/pci0000:00/0000:00:15.3/i2c_designware.2/i2c-3/i2c-0X53 0X59 0X4E 0X50 0X31 0X46 0X31 0X35 0X00:00/0018:06CB:CE2B.0001/input/input10
[    3.063141] hid-multitouch 0018:06CB:CE2B.0001: input,hidraw0: I2C HID v1.00 Mouse [0X53 0X59 0X4E 0X50 06CB:CE2B] on i2c-0X53 0X59 0X4E 0X50 0X31 0X46 0X31 0X35 0X00:00
[    3.095187] RAPL PMU: API unit is 2^-32 Joules, 4 fixed counters, 655360 ms ovfl timer
[    3.095191] RAPL PMU: hw unit of domain pp0-core 2^-14 Joules
[    3.095192] RAPL PMU: hw unit of domain package 2^-14 Joules
[    3.095193] RAPL PMU: hw unit of domain pp1-gpu 2^-14 Joules
[    3.095194] RAPL PMU: hw unit of domain psys 2^-14 Joules
[    3.103205] audit: type=1400 audit(1767369470.881:4): apparmor="STATUS" operation="profile_load" profile="unconfined" name="lsb_release" pid=643 comm="apparmor_parser"
[    3.104294] usb 3-6: Found UVC 1.50 device FJ Camera (04f2:b703)
[    3.105608] audit: type=1400 audit(1767369470.884:5): apparmor="STATUS" operation="profile_load" profile="unconfined" name="nvidia_modprobe" pid=645 comm="apparmor_parser"
[    3.105612] audit: type=1400 audit(1767369470.884:6): apparmor="STATUS" operation="profile_load" profile="unconfined" name="nvidia_modprobe//kmod" pid=645 comm="apparmor_parser"
[    3.105615] audit: type=1400 audit(1767369470.884:7): apparmor="STATUS" operation="profile_load" profile="unconfined" name="tcpdump" pid=651 comm="apparmor_parser"
[    3.105648] audit: type=1400 audit(1767369470.884:8): apparmor="STATUS" operation="profile_load" profile="unconfined" name="ubuntu_pro_apt_news" pid=647 comm="apparmor_parser"
[    3.106113] audit: type=1400 audit(1767369470.884:9): apparmor="STATUS" operation="profile_load" profile="unconfined" name="libreoffice-oosplash" pid=652 comm="apparmor_parser"
[    3.108789] audit: type=1400 audit(1767369470.887:10): apparmor="STATUS" operation="profile_load" profile="unconfined" name="/usr/bin/man" pid=650 comm="apparmor_parser"
[    3.127987] intel_rapl_common: Found RAPL domain package
[    3.195183] usb 3-6: Found UVC 1.50 device FJ Camera (04f2:b703)
[    3.213083] usbcore: registered new interface driver uvcvideo
[    3.469569] intel_rapl_msr: PL4 support detected.
[    3.469706] intel_rapl_common: Found RAPL domain package
[    3.469709] intel_rapl_common: Found RAPL domain core
[    3.469710] intel_rapl_common: Found RAPL domain uncore
[    3.469712] intel_rapl_common: Found RAPL domain psys
[    3.469717] intel_rapl_common: package-0:package:long_term locked by BIOS
[    3.469720] intel_rapl_common: package-0:package:short_term locked by BIOS
[    3.469978] cryptd: max_cpu_qlen set to 1000
[    3.471077] Bluetooth: hci0: Bootloader revision 0.4 build 0 week 30 2018
[    3.471231] usbcore: registered new interface driver btusb
[    3.472083] Bluetooth: hci0: Device revision is 2
[    3.472086] Bluetooth: hci0: Secure boot is enabled
[    3.472087] Bluetooth: hci0: OTP lock is enabled
[    3.472088] Bluetooth: hci0: API lock is enabled
[    3.472089] Bluetooth: hci0: Debug lock is disabled
[    3.472090] Bluetooth: hci0: Minimum firmware build 1 week 10 2014
[    3.485835] Bluetooth: hci0: Found device firmware: intel/ibt-19-0-4.sfi
[    3.485863] Bluetooth: hci0: Boot Address: 0x24800
[    3.485865] Bluetooth: hci0: Firmware Version: 206-22.23
[    3.497104] AVX2 version of gcm_enc/dec engaged.
[    3.497177] AES CTR mode by8 optimization enabled
[    3.503970] i915 0000:00:02.0: [drm] VT-d active for gfx access
[    3.511369] Console: switching to colour dummy device 80x25
[    3.562677] i915 0000:00:02.0: vgaarb: deactivate vga console
[    3.562743] i915 0000:00:02.0: [drm] Using Transparent Hugepages
[    3.582671] i915 0000:00:02.0: vgaarb: VGA decodes changed: olddecodes=io+mem,decodes=io+mem:owns=io+mem
[    3.583879] i915 0000:00:02.0: [drm] Finished loading DMC firmware i915/tgl_dmc_ver2_12.bin (v2.12)
[    3.586495] mei_hdcp 0000:00:16.0-b638ab7e-94e2-4ea2-a552-d1c54b627f04: bound 0000:00:02.0 (ops i915_hdcp_ops [i915])
[    3.621007] snd_hda_intel 0000:00:1f.3: DSP detected with PCI class/subclass/prog-if info 0x040100
[    3.621135] snd_hda_intel 0000:00:1f.3: Digital mics found on Skylake+ platform, using SOF driver
[    3.648586] intel_tcc_cooling: TCC Offset locked
[    3.672250] iwlwifi 0000:00:14.3: Detected Intel(R) Wi-Fi 6 AX201 160MHz, REV=0x351
[    3.672349] thermal thermal_zone4: failed to read out thermal zone (-61)
[    3.675084] mei_pxp 0000:00:16.0-fbf6fcf1-96cf-4e2e-a6a6-1bab8cbe36b1: bound 0000:00:02.0 (ops i915_pxp_tee_component_ops [i915])
[    3.675325] i915 0000:00:02.0: [drm] Protected Xe Path (PXP) protected content support initialized
[    3.679122] [drm] Initialized i915 1.6.0 20230929 for 0000:00:02.0 on minor 1
[    3.795818] iwlwifi 0000:00:14.3: Detected RF HR B3, rfid=0x10a100
[    3.821602] Bluetooth: BNEP (Ethernet Emulation) ver 1.3
[    3.821655] Bluetooth: BNEP filters: protocol multicast
[    3.821667] Bluetooth: BNEP socket layer initialized
[    3.856843] sof-audio-pci-intel-tgl 0000:00:1f.3: DSP detected with PCI class/subclass/prog-if info 0x040100
[    3.856926] sof-audio-pci-intel-tgl 0000:00:1f.3: Digital mics found on Skylake+ platform, using SOF driver
[    3.856943] sof-audio-pci-intel-tgl 0000:00:1f.3: enabling device (0000 -> 0002)
[    3.857111] sof-audio-pci-intel-tgl 0000:00:1f.3: DSP detected with PCI class/subclass/prog-if 0x040100
[    3.861624] iwlwifi 0000:00:14.3: base HW address: 20:c1:9b:7b:71:d1
[    3.909245] iwlwifi 0000:00:14.3 wlp0s20f3: renamed from wlan0
[    3.945305] workqueue: wait_rcu_exp_gp hogged CPU for >10000us 4 times, consider switching to WQ_UNBOUND
[    3.994531] loop34: detected capacity change from 0 to 8
[    4.098595] ACPI BIOS Error (bug): Could not resolve symbol [\_TZ.ETMD], AE_NOT_FOUND (20230628/psargs-332)

[    4.098607] No Local Variables are initialized for Method [_OSC]

[    4.098609] Initialized Arguments for Method [_OSC]:  (4 arguments defined for method invocation)
[    4.098609]   Arg0:   000000009813e357 <Obj>           Buffer(16) 5D A8 3B B2 B7 C8 42 35
[    4.098618]   Arg1:   0000000019bc2ad9 <Obj>           Integer 0000000000000001
[    4.098621]   Arg2:   00000000e67b7f0c <Obj>           Integer 0000000000000002
[    4.098624]   Arg3:   00000000b52e1611 <Obj>           Buffer(8) 00 00 00 00 05 00 00 00

[    4.098631] ACPI Error: Aborting method \_SB.IETM._OSC due to previous error (AE_NOT_FOUND) (20230628/psparse-529)
[    4.202605] ACPI: video: Video Device [GFX0] (multi-head: yes  rom: no  post: no)
[    4.202800] input: Video Bus as /devices/LNXSYSTM:00/LNXSYBUS:00/PNP0A08:00/LNXVIDEO:00/input/input12
[    4.202898] snd_hda_intel 0000:00:1f.3: DSP detected with PCI class/subclass/prog-if info 0x040100
[    4.202960] i915 display info: display version: 12
[    4.202962] i915 display info: cursor_needs_physical: no
[    4.202962] i915 display info: has_cdclk_crawl: no
[    4.202963] i915 display info: has_cdclk_squash: no
[    4.202963] i915 display info: has_ddi: yes
[    4.202964] i915 display info: has_dp_mst: yes
[    4.202965] i915 display info: has_dsb: yes
[    4.202965] i915 display info: has_fpga_dbg: yes
[    4.202966] i915 display info: has_gmch: no
[    4.202966] i915 display info: has_hotplug: yes
[    4.202967] i915 display info: has_hti: no
[    4.202967] i915 display info: has_ipc: yes
[    4.202968] i915 display info: has_overlay: no
[    4.202969] i915 display info: has_psr: yes
[    4.202969] i915 display info: has_psr_hw_tracking: yes
[    4.202970] i915 display info: overlay_needs_physical: no
[    4.202970] i915 display info: supports_tv: no
[    4.202971] i915 display info: has_hdcp: yes
[    4.202972] i915 display info: has_dmc: yes
[    4.202972] i915 display info: has_dsc: yes
[    4.202973] i915 display info: rawclk rate: 19200 kHz
[    4.202985] ------------[ cut here ]------------
[    4.202987] i915 0000:00:02.0: drm_WARN_ON(intel_dp->pps.vdd_wakeref)
[    4.203006] snd_hda_intel 0000:00:1f.3: Digital mics found on Skylake+ platform, using SOF driver
[    4.203018] sof-audio-pci-intel-tgl 0000:00:1f.3: DSP detected with PCI class/subclass/prog-if info 0x040100
[    4.203081] sof-audio-pci-intel-tgl 0000:00:1f.3: Digital mics found on Skylake+ platform, using SOF driver
[    4.203013] WARNING: CPU: 5 PID: 440 at drivers/gpu/drm/i915/display/intel_pps.c:737 intel_pps_vdd_on_unlocked+0x329/0x340 [i915]
[    4.203342] Modules linked in: snd_sof_pci_intel_tgl snd_sof_intel_hda_common soundwire_intel snd_sof_intel_hda_mlink bnep soundwire_cadence snd_sof_intel_hda snd_hda_codec_hdmi snd_sof_pci snd_sof_xtensa_dsp snd_sof snd_sof_utils snd_soc_hdac_hda snd_hda_ext_core snd_soc_acpi_intel_match snd_soc_acpi intel_uncore_frequency soundwire_generic_allocation intel_uncore_frequency_common
[    4.203359] sof-audio-pci-intel-tgl 0000:00:1f.3: DSP detected with PCI class/subclass/prog-if 0x040100
[    4.203361]  soundwire_bus snd_soc_core snd_compress x86_pkg_temp_thermal ac97_bus intel_powerclamp snd_pcm_dmaengine coretemp snd_hda_intel crct10dif_pclmul snd_intel_dspcfg polyval_clmulni kvm_intel snd_intel_sdw_acpi polyval_generic snd_hda_codec ghash_clmulni_intel snd_hda_core sha256_ssse3 kvm snd_hwdep sha1_ssse3 iwlmvm aesni_intel snd_pcm crypto_simd btusb mei_pxp mei_hdcp intel_rapl_msr snd_seq_midi cryptd i915 binfmt_misc irqbypass mac80211 btrtl snd_seq_midi_event joydev uvcvideo snd_rawmidi processor_thermal_device_pci_legacy btintel videobuf2_vmalloc processor_thermal_device snd_seq btbcm libarc4 uvc rapl processor_thermal_wt_hint nls_iso8859_1 btmtk snd_seq_device drm_buddy videobuf2_memops processor_thermal_rfim videobuf2_v4l2 ttm processor_thermal_rapl input_leds intel_cstate snd_timer bluetooth cmdlinepart iwlwifi intel_rapl_common videodev drm_display_helper spi_nor snd ecdh_generic videobuf2_common serio_raw wmi_bmof mtd hid_multitouch cec processor_thermal_wt_req cfg80211 ecc mei_me mc soundcore
[    4.203434]  processor_thermal_power_floor rc_core mei processor_thermal_mbox i2c_algo_bit mac_hid igen6_edac intel_soc_dts_iosf intel_pmc_core acpi_als intel_vsec int3400_thermal industrialio_triggered_buffer pmt_telemetry int3403_thermal intel_hid fujitsu_laptop kfifo_buf pmt_class acpi_thermal_rel int340x_thermal_zone sparse_keymap industrialio acpi_tad acpi_pad sch_fq_codel msr parport_pc ppdev lp parport efi_pstore ip_tables x_tables autofs4 hid_generic nvme sdhci_pci intel_lpss_pci ucsi_acpi i2c_hid_acpi nvme_core spi_intel_pci i2c_i801 cqhci crc32_pclmul intel_lpss xhci_pci typec_ucsi e1000e thunderbolt i2c_hid video spi_intel nvme_auth i2c_smbus sdhci idma64 xhci_pci_renesas typec hid wmi pinctrl_tigerlake
[    4.203504] CPU: 5 PID: 440 Comm: kworker/u16:5 Not tainted 6.8.0-87-generic #88~22.04.1-Ubuntu
[    4.203507] Hardware name: FUJITSU CLIENT COMPUTING LIMITED FMVU93F3BZ/FJNB2E0, BIOS Version 1.61 06/30/2023
[    4.203508] Workqueue: events_unbound async_run_entry_fn
[    4.203514] RIP: 0010:intel_pps_vdd_on_unlocked+0x329/0x340 [i915]
[    4.203700] Code: 4c 8b 77 50 4d 85 f6 75 03 4c 8b 37 e8 40 d7 ad e7 48 c7 c1 f8 c9 2a c1 4c 89 f2 48 c7 c7 0a 14 2c c1 48 89 c6 e8 a7 6a 06 e7 <0f> 0b e9 82 fd ff ff e8 2b 3e 18 e8 66 66 2e 0f 1f 84 00 00 00 00
[    4.203702] RSP: 0018:ffffcf00805bf930 EFLAGS: 00010246
[    4.203704] RAX: 0000000000000000 RBX: ffff8aebce8d6188 RCX: 0000000000000000
[    4.203705] RDX: 0000000000000000 RSI: 0000000000000000 RDI: 0000000000000000
[    4.203706] RBP: ffffcf00805bf988 R08: 0000000000000000 R09: 0000000000000000
[    4.203708] R10: 0000000000000000 R11: 0000000000000000 R12: ffff8aebcbd78000
[    4.203709] R13: 0000000000000000 R14: ffff8aebc2584600 R15: ffffcf00805bfa60
[    4.203710] FS:  0000000000000000(0000) GS:ffff8aef60480000(0000) knlGS:0000000000000000
[    4.203712] CS:  0010 DS: 0000 ES: 0000 CR0: 0000000080050033
[    4.203714] CR2: 000077119549d730 CR3: 000000012c3ba002 CR4: 0000000000f70ef0
[    4.203718] PKRU: 55555554
[    4.203719] Call Trace:
[    4.203720]  <TASK>
[    4.203723]  ? intel_display_power_get+0x56/0x70 [i915]
[    4.203891]  intel_dp_aux_xfer+0x136/0x740 [i915]
[    4.204065]  ? update_sg_lb_stats+0x9a/0x5c0
[    4.204071]  intel_dp_aux_transfer+0x12f/0x330 [i915]
[    4.204237]  drm_dp_dpcd_access+0xbf/0x160 [drm_display_helper]
[    4.204254]  drm_dp_dpcd_probe+0x41/0x100 [drm_display_helper]
[    4.204268]  drm_dp_dpcd_read+0xe8/0x130 [drm_display_helper]
[    4.204280]  intel_dp_read_dsc_dpcd+0x24/0xb0 [i915]
[    4.204476]  intel_dp_detect+0x542/0x570 [i915]
[    4.204642]  ? ww_mutex_lock+0x86/0xa0
[    4.204648]  drm_helper_probe_detect+0x4d/0xc0
[    4.204653]  drm_helper_probe_single_connector_modes+0x484/0x620
[    4.204656]  ? __kmalloc_node_track_caller+0x1de/0x4a0
[    4.204662]  drm_client_modeset_probe+0x202/0x620
[    4.204666]  __drm_fb_helper_initial_config_and_unlock+0x35/0x160
[    4.204670]  drm_fb_helper_initial_config+0x3d/0x50
[    4.204673]  intel_fbdev_initial_config+0x12/0x40 [i915]
[    4.204842]  async_run_entry_fn+0x30/0x130
[    4.204846]  process_one_work+0x181/0x3a0
[    4.204850]  worker_thread+0x306/0x440
[    4.204853]  ? __pfx_worker_thread+0x10/0x10
[    4.204855]  kthread+0xef/0x120
[    4.204859]  ? __pfx_kthread+0x10/0x10
[    4.204862]  ret_from_fork+0x44/0x70
[    4.204866]  ? __pfx_kthread+0x10/0x10
[    4.204869]  ret_from_fork_asm+0x1b/0x30
[    4.204873]  </TASK>
[    4.204874] ---[ end trace 0000000000000000 ]---
[    4.207219] fbcon: i915drmfb (fb0) is primary device
[    4.207158] sof-audio-pci-intel-tgl 0000:00:1f.3: bound 0000:00:02.0 (ops i915_audio_component_bind_ops [i915])
[    4.207257] Console: switching to colour frame buffer device 240x67
[    4.207267] i915 0000:00:02.0: [drm] fb0: i915drmfb frame buffer device
[    4.214661] sof-audio-pci-intel-tgl 0000:00:1f.3: use msi interrupt mode
[    4.257505] sof-audio-pci-intel-tgl 0000:00:1f.3: hda codecs found, mask 5
[    4.257509] sof-audio-pci-intel-tgl 0000:00:1f.3: using HDA machine driver skl_hda_dsp_generic now
[    4.257513] sof-audio-pci-intel-tgl 0000:00:1f.3: DMICs detected in NHLT tables: 2
[    4.260079] sof-audio-pci-intel-tgl 0000:00:1f.3: Firmware paths/files for ipc type 0:
[    4.260082] sof-audio-pci-intel-tgl 0000:00:1f.3:  Firmware file:     intel/sof/sof-tgl.ri
[    4.260083] sof-audio-pci-intel-tgl 0000:00:1f.3:  Topology file:     intel/sof-tplg/sof-hda-generic-2ch.tplg
[    4.260593] sof-audio-pci-intel-tgl 0000:00:1f.3: Firmware info: version 2:0:0-b678a
[    4.260596] sof-audio-pci-intel-tgl 0000:00:1f.3: Firmware: ABI 3:20:0 Kernel ABI 3:23:0
[    4.260600] sof-audio-pci-intel-tgl 0000:00:1f.3: unknown sof_ext_man header type 3 size 0x30
[    4.353266] sof-audio-pci-intel-tgl 0000:00:1f.3: Firmware info: version 2:0:0-b678a
[    4.353271] sof-audio-pci-intel-tgl 0000:00:1f.3: Firmware: ABI 3:20:0 Kernel ABI 3:23:0
[    4.412971] iwlwifi 0000:00:14.3: Registered PHC clock: iwlwifi-PTP, with index: 1
[    4.448766] sof-audio-pci-intel-tgl 0000:00:1f.3: Topology: ABI 3:20:0 Kernel ABI 3:23:0
[    4.449026] skl_hda_dsp_generic skl_hda_dsp_generic: ASoC: Parent card not yet available, widget card binding deferred
[    4.483909] snd_hda_codec_realtek ehdaudio0D0: autoconfig for ALC255: line_outs=1 (0x14/0x0/0x0/0x0/0x0) type:speaker
[    4.483918] snd_hda_codec_realtek ehdaudio0D0:    speaker_outs=0 (0x0/0x0/0x0/0x0/0x0)
[    4.483921] snd_hda_codec_realtek ehdaudio0D0:    hp_outs=1 (0x21/0x0/0x0/0x0/0x0)
[    4.483923] snd_hda_codec_realtek ehdaudio0D0:    mono: mono_out=0x0
[    4.483924] snd_hda_codec_realtek ehdaudio0D0:    inputs:
[    4.524523] skl_hda_dsp_generic skl_hda_dsp_generic: hda_dsp_hdmi_build_controls: no PCM in topology for HDMI converter 3
[    4.544404] input: sof-hda-dsp Headphone as /devices/pci0000:00/0000:00:1f.3/skl_hda_dsp_generic/sound/card0/input13
[    4.545134] input: sof-hda-dsp HDMI/DP,pcm=3 as /devices/pci0000:00/0000:00:1f.3/skl_hda_dsp_generic/sound/card0/input14
[    4.545219] input: sof-hda-dsp HDMI/DP,pcm=4 as /devices/pci0000:00/0000:00:1f.3/skl_hda_dsp_generic/sound/card0/input15
[    4.545279] input: sof-hda-dsp HDMI/DP,pcm=5 as /devices/pci0000:00/0000:00:1f.3/skl_hda_dsp_generic/sound/card0/input16
[    5.383696] Bluetooth: hci0: Waiting for firmware download to complete
[    5.384070] Bluetooth: hci0: Firmware loaded in 1853741 usecs
[    5.384138] Bluetooth: hci0: Waiting for device to boot
[    5.399072] Bluetooth: hci0: Device booted in 14619 usecs
[    5.399089] typec port1: bound usb2-port2 (ops connector_ops)
[    5.399388] Bluetooth: hci0: Found Intel DDC parameters: intel/ibt-19-0-4.ddc
[    5.401115] Bluetooth: hci0: Applying Intel DDC parameters completed
[    5.402093] Bluetooth: hci0: Firmware revision 0.4 build 206 week 22 2023
[    5.404090] Bluetooth: hci0: HCI LE Coded PHY feature bit is set, but its usage is not supported.
[    5.476240] Bluetooth: MGMT ver 1.22
[    5.481841] Lockdown: systemd-logind: hibernation is restricted; see man kernel_lockdown.7
[    5.496552] NET: Registered PF_ALG protocol family
[    5.577935] rfkill: input handler disabled
[    5.590167] Bluetooth: hci0: Bad flag given (0x1) vs supported (0x0)
[    5.590218] Bluetooth: hci0: Bad flag given (0x1) vs supported (0x0)
[    5.590237] Bluetooth: hci0: Bad flag given (0x1) vs supported (0x0)
[    5.886555] kauditd_printk_skb: 121 callbacks suppressed
[    5.886558] audit: type=1326 audit(1767369473.665:132): auid=4294967295 uid=0 gid=0 ses=4294967295 subj=snap.cups.cupsd pid=1166 comm="cups-proxyd" exe="/snap/cups/1134/sbin/cups-proxyd" sig=0 arch=c000003e syscall=314 compat=0 ip=0x7d95eaa768fd code=0x50000
[    6.872258] wlp0s20f3: 80 MHz not supported, disabling VHT
[    6.877646] wlp0s20f3: authenticate with 88:57:ee:8e:bf:a0 (local address=20:c1:9b:7b:71:d1)
[    6.878865] wlp0s20f3: send auth to 88:57:ee:8e:bf:a0 (try 1/3)
[    6.904811] wlp0s20f3: authenticated
[    6.905310] wlp0s20f3: associate with 88:57:ee:8e:bf:a0 (try 1/3)
[    6.908176] wlp0s20f3: RX AssocResp from 88:57:ee:8e:bf:a0 (capab=0x11 status=0 aid=6)
[    6.917203] wlp0s20f3: associated
[   19.468523] Bluetooth: RFCOMM TTY layer initialized
[   19.468532] Bluetooth: RFCOMM socket layer initialized
[   19.468536] Bluetooth: RFCOMM ver 1.11
[   19.600949] rfkill: input handler enabled
[   20.233791] Lockdown: systemd-logind: hibernation is restricted; see man kernel_lockdown.7
[   20.566656] rfkill: input handler disabled
[   40.471205] warning: `ThreadPoolForeg' uses wireless extensions which will stop working for Wi-Fi 7 hardware; use nl80211
[   46.678689] audit: type=1400 audit(1767337114.463:133): apparmor="DENIED" operation="file_inherit" class="net" profile="/usr/lib/snapd/snap-confine" pid=3483 comm="snap-confine" family="unix" sock_type="stream" protocol=0 requested="send receive" denied="send receive" addr=none peer_addr=none
[   46.678695] audit: type=1400 audit(1767337114.463:134): apparmor="DENIED" operation="open" class="file" profile="/usr/lib/snapd/snap-confine" name="/apparmor/.null" pid=3483 comm="snap-confine" requested_mask="wr" denied_mask="wr" fsuid=1000 ouid=0
[   46.678697] audit: type=1400 audit(1767337114.463:135): apparmor="DENIED" operation="file_inherit" class="net" profile="/usr/lib/snapd/snap-confine" pid=3483 comm="snap-confine" family="unix" sock_type="stream" protocol=0 requested="send receive" denied="send receive" addr=none peer_addr=none
[   46.678701] audit: type=1400 audit(1767337114.463:136): apparmor="DENIED" operation="file_inherit" class="net" profile="/usr/lib/snapd/snap-confine" pid=3483 comm="snap-confine" family="netlink" sock_type="raw" protocol=0 requested="send receive" denied="send receive"
[   46.678705] audit: type=1400 audit(1767337114.463:137): apparmor="DENIED" operation="file_inherit" class="file" profile="/usr/lib/snapd/snap-confine" name="/home/honjo/.config/Code/logs/20260102T155828/window1/exthost/exthost.log" pid=3483 comm="snap-confine" requested_mask="a" denied_mask="a" fsuid=1000 ouid=1000
[   46.678706] audit: type=1400 audit(1767337114.463:138): apparmor="DENIED" operation="file_inherit" class="file" profile="/usr/lib/snapd/snap-confine" name="/home/honjo/.config/Code/logs/20260102T155828/window1/exthost/extHostTelemetry.log" pid=3483 comm="snap-confine" requested_mask="a" denied_mask="a" fsuid=1000 ouid=1000
[   46.678710] audit: type=1400 audit(1767337114.463:139): apparmor="DENIED" operation="file_inherit" class="file" profile="/usr/lib/snapd/snap-confine" name=2F686F6D652F686F6E6A6F2F2E636F6E6669672F436F64652F6C6F67732F3230323630313032543135353832382F77696E646F77312F657874686F73742F7673636F64652E6769746875622D61757468656E7469636174696F6E2F4769744875622041757468656E7469636174696F6E2E6C6F67 pid=3483 comm="snap-confine" requested_mask="a" denied_mask="a" fsuid=1000 ouid=1000
[   46.678712] audit: type=1400 audit(1767337114.463:140): apparmor="DENIED" operation="file_inherit" class="file" profile="/usr/lib/snapd/snap-confine" name=2F686F6D652F686F6E6A6F2F2E636F6E6669672F436F64652F6C6F67732F3230323630313032543135353832382F77696E646F77312F657874686F73742F6F75747075745F6C6F6767696E675F3230323630313032543135353832392F312D2E4E455420496E7374616C6C20546F6F6C2E6C6F67 pid=3483 comm="snap-confine" requested_mask="a" denied_mask="a" fsuid=1000 ouid=1000
[   46.678714] audit: type=1400 audit(1767337114.463:141): apparmor="DENIED" operation="file_inherit" class="file" profile="/usr/lib/snapd/snap-confine" name="/home/honjo/.config/Code/logs/20260102T155828/window1/exthost/vscode.git/Git.log" pid=3483 comm="snap-confine" requested_mask="a" denied_mask="a" fsuid=1000 ouid=1000
[   46.678717] audit: type=1400 audit(1767337114.463:142): apparmor="DENIED" operation="file_inherit" class="file" profile="/usr/lib/snapd/snap-confine" name="/home/honjo/.config/Code/logs/20260102T155828/window1/exthost/vscode.github/GitHub.log" pid=3483 comm="snap-confine" requested_mask="a" denied_mask="a" fsuid=1000 ouid=1000
[   88.132371] kauditd_printk_skb: 82 callbacks suppressed
[   88.132375] audit: type=1400 audit(1767337155.929:225): apparmor="DENIED" operation="open" class="file" profile="snap.firefox.firefox" name="/proc/pressure/memory" pid=3959 comm="firefox" requested_mask="r" denied_mask="r" fsuid=1000 ouid=0
[   93.522504] audit: type=1400 audit(1767337161.322:226): apparmor="DENIED" operation="open" class="file" profile="snap.firefox.firefox" name="/proc/pressure/memory" pid=3959 comm="MemoryPoller" requested_mask="r" denied_mask="r" fsuid=1000 ouid=0
